[2026-07-06 12:34:56] mode=pearls dry_run files=20 pearls=0
[2026-07-07 17:29:10] mode=watch ocr=False files=1 pearls=17 elapsed=76s
[2026-07-07 18:28:41] mode=watch ocr=False files=31 pearls=429 elapsed=3302s
[2026-07-08 13:48:08] mode=watch ocr=False files=1 pearls=20 elapsed=349s
[2026-07-09 11:00:52] mode=watch ocr=False files=4 pearls=52 elapsed=406s
[2026-07-10 16:21:01] mode=watch ocr=False files=2 pearls=32 elapsed=321s
[2026-07-12 10:26:51] mode=watch ocr=False files=3 pearls=47 elapsed=569s
[2026-07-14 08:37:54] mode=watch ocr=False files=13 pearls=162 elapsed=1364s
[2026-07-14 08:38:29] mode=watch ocr=False files=0 pearls=0 elapsed=29s
[2026-07-15 17:03:57] mode=watch ocr=False files=3 pearls=48 elapsed=406s
[2026-07-16 18:55:27] mode=watch ocr=False files=2 pearls=27 elapsed=416s
[2026-07-19 15:57:41] mode=watch ocr=False files=1 pearls=20 elapsed=229s
[2026-07-24 20:43:50] mode=watch ocr=False files=0 pearls=0 elapsed=15s
[2026-07-24 21:03:51] mode=watch ocr=False files=9 pearls=105 elapsed=1172s
[2026-07-28 08:24:15] mode=summary ocr=False files=10 pearls=0 errors_logged elapsed=285s
[2026-07-28 08:49:37] mode=summary ocr=False files=9 pearls=0 errors_logged elapsed=292s
[2026-07-28 09:06:04] mode=summary ocr=False files=4 pearls=0 errors_logged elapsed=244s
[2026-07-30 09:09:32] mode=summary ocr=False files=2 pearls=0 errors_logged elapsed=191s
[2026-08-04 08:40:21] mode=summary ocr=False files=18 pearls=0 errors_logged elapsed=822s
[2026-08-04 17:10:54] mode=pearls dry_run files=63 pearls=0
[2026-08-04 17:11:51] mode=pearls dry_run files=69 pearls=0
[2026-08-04 17:12:08] mode=pearls dry_run files=69 pearls=0
[2026-08-05 08:25:12] mode=pearls dry_run files=68 pearls=0
[2026-08-05 08:26:09] mode=pearls dry_run files=68 pearls=0
[2026-08-07 13:31:13] mode=watch ocr=False files=1 pearls=7 elapsed=161s
[2026-08-07 13:34:12] mode=pearls files=68 pearls=472 errors=0 elapsed=274s
[2026-08-07 13:35:29] mode=watch ocr=True files=1 pearls=8 elapsed=178s
[2026-08-07 16:58:39] mode=pearls files=0 pearls=0 - nothing to do
[2026-08-07 18:05:20] mode=pearls files=0 pearls=0 - nothing to do
[2026-08-09 19:03:29] mode=watch ocr=False files=1 pearls=12 elapsed=151s
[2026-08-09 20:35:57] mode=watch ocr=False files=2 pearls=19 elapsed=712s
[2026-08-12 09:05:47] mode=watch ocr=False files=15 pearls=107 elapsed=1168s
[2026-08-12 09:44:28] mode=watch ocr=True files=1 pearls=8 elapsed=190s
[2026-08-12 09:47:27] mode=pearls files=0 pearls=0 - nothing to do
