2026-08-07 12:02:36 tagged deck:Cardiology/Acute Coronary Syndromes -> 0 tags
2026-08-07 12:02:36 tagged deck:Cardiology/Acute Heart Failure -> 0 tags
2026-08-07 12:02:37 tagged deck:Cardiology/Aortic Diseases -> 0 tags
2026-08-07 12:02:37 tagged deck:Cardiology/Cardiac Arrest & Post-Cardiac Arrest Care -> 0 tags
2026-08-07 12:02:38 tagged deck:Cardiology/Cardiac Imaging -> 0 tags
2026-08-07 12:02:38 tagged deck:Cardiology/Cardiogenic Shock -> 0 tags
2026-08-07 12:02:39 tagged deck:Cardiology/Chronic Heart Failure -> 0 tags
2026-08-07 12:02:39 tagged deck:Cardiology/General -> 0 tags
2026-08-07 12:02:40 tagged deck:Cardiology/Hemodynamic Monitoring -> 0 tags
2026-08-07 12:02:40 tagged deck:Cardiology/Pulmonary Hypertension -> 0 tags
2026-08-07 12:02:42 tagged paper:000549732.pdf -> 0 tags
2026-08-07 12:02:43 tagged paper:1-s2.0-S0022480426003471.pdf -> 0 tags
2026-08-07 12:02:43 linked deck:Cardiology/Acute Coronary Syndromes -> 5 targets
2026-08-07 12:02:44 linked deck:Cardiology/Acute Heart Failure -> 5 targets
2026-08-07 12:02:44 linked deck:Cardiology/Aortic Diseases -> 5 targets
2026-08-07 12:02:45 linked deck:Cardiology/Cardiac Arrest & Post-Cardiac Arrest Care -> 5 targets
2026-08-07 12:02:46 linked deck:Cardiology/Cardiac Imaging -> 5 targets
2026-08-07 12:02:46 linked deck:Cardiology/Cardiogenic Shock -> 5 targets
2026-08-07 12:02:47 linked deck:Cardiology/Chronic Heart Failure -> 5 targets
2026-08-07 12:02:47 linked deck:Cardiology/General -> 5 targets
2026-08-07 12:02:47 linked deck:Cardiology/Hemodynamic Monitoring -> 5 targets
2026-08-07 12:02:48 linked deck:Cardiology/Pulmonary Hypertension -> 5 targets
2026-08-07 12:02:48 linked paper:000549732.pdf -> 5 targets
2026-08-07 12:02:49 linked paper:1-s2.0-S0022480426003471.pdf -> 4 targets
2026-08-07 12:02:49 linker run complete: processed=12
2026-08-07 12:03:36 tagged deck:Cardiology/Acute Coronary Syndromes -> 1 tags
2026-08-07 12:03:39 tagged deck:Cardiology/Acute Heart Failure -> 4 tags
2026-08-07 12:03:57 tagged deck:Cardiology/Aortic Diseases -> 2 tags
2026-08-07 12:04:10 linked deck:Cardiology/Acute Coronary Syndromes -> 5 targets
2026-08-07 12:05:09 linked deck:Cardiology/Acute Heart Failure -> 6 targets
2026-08-07 12:05:17 linked deck:Cardiology/Aortic Diseases -> 4 targets
2026-08-07 12:05:17 linker run complete: processed=3
2026-08-07 12:05:49 tagged deck:Cardiology/Cardiac Arrest & Post-Cardiac Arrest Care -> 5 tags
2026-08-07 12:06:09 tagged deck:Cardiology/Cardiac Imaging -> 2 tags
2026-08-07 12:06:15 tagged deck:Cardiology/Cardiogenic Shock -> 4 tags
2026-08-07 12:06:19 tagged deck:Cardiology/Chronic Heart Failure -> 3 tags
2026-08-07 12:06:50 tagged deck:Cardiology/General -> 4 tags
2026-08-07 12:06:53 tagged deck:Cardiology/Hemodynamic Monitoring -> 2 tags
2026-08-07 12:07:04 tagged deck:Cardiology/Pulmonary Hypertension -> 3 tags
2026-08-07 12:07:09 tagged paper:000549732.pdf -> 6 tags
2026-08-07 12:07:33 tagged paper:1-s2.0-S0022480426003471.pdf -> 3 tags
2026-08-07 12:07:51 tagged paper:1-s2.0-S0025712526000179-main.pdf -> 2 tags
2026-08-07 12:08:15 tagged paper:1-s2.0-S0305417926002950-main (1).pdf -> 4 tags
2026-08-07 12:08:31 tagged paper:1-s2.0-S0305417926002950-main.pdf -> 3 tags
2026-08-07 12:08:56 tagged paper:1-s2.0-S0735675726003402.pdf -> 3 tags
2026-08-07 12:09:17 tagged paper:1-s2.0-S0964339726001588-main.pdf -> 4 tags
2026-08-07 12:09:32 tagged paper:1-s2.0-S1053077026000546-main.pdf -> 4 tags
2026-08-07 12:09:50 tagged paper:1-s2.0-S1424390325000857-main.pdf -> 1 tags
2026-08-07 12:09:59 tagged paper:1-s2.0-S1470211824054629.pdf -> 2 tags
2026-08-07 12:10:12 tagged paper:1-s2.0-S1665268124005349-main.pdf -> 3 tags
2026-08-07 12:10:27 tagged paper:1-s2.0-S1836955326000561-main.pdf -> 4 tags
2026-08-07 12:10:30 tagged paper:1-s2.0-S2110582025020199-main.pdf -> 5 tags
2026-08-07 12:10:42 tagged paper:1-s2.0-S2110582025020321-main_1.pdf -> 2 tags
2026-08-07 12:10:46 tagged paper:1-s2.0-S2110582026000658-main.pdf -> 4 tags
2026-08-07 12:10:49 tagged paper:1-s2.0-S211058202600110X-main.pdf -> 4 tags
2026-08-07 12:10:52 tagged paper:1-s2.0-S2110582026001238-main.pdf -> 4 tags
2026-08-07 12:11:06 tagged paper:1-s2.0-S2110582026001408-main.pdf -> 3 tags
2026-08-07 12:11:08 tagged paper:1-s2.0-S2352556826001219-main.pdf -> 2 tags
2026-08-07 12:11:25 tagged paper:1-s2.0-S2667100X26000320-main.pdf -> 3 tags
2026-08-07 12:11:38 tagged paper:1-s2.0-S2667100X26000940-main.pdf -> 4 tags
2026-08-07 12:11:43 tagged paper:1-s2.0-S2667100X26001180-main_1.pdf -> 5 tags
2026-08-07 12:12:04 tagged paper:1-s2.0-S2667100X26001246-main.pdf -> 3 tags
2026-08-07 12:12:20 tagged paper:1-s2.0-S2667100X26001258-main.pdf -> 3 tags
2026-08-07 12:12:27 tagged paper:1-s2.0-S2772529426000470.pdf -> 4 tags
2026-08-07 12:12:33 tagged paper:1-s2.0-S2772529426002183-main.pdf -> 6 tags
2026-08-07 12:12:56 tagged paper:1-s2.0-S2772963X26002577-main.pdf -> 3 tags
2026-08-07 12:13:11 tagged paper:1-s2.0-S2949788426000365-main.pdf -> 4 tags
2026-08-07 12:13:39 tagged paper:1-s2.0-S3117821926000029-main.pdf -> 3 tags
2026-08-07 12:13:50 tagged paper:1759-7390-87-5-54060.pdf -> 4 tags
2026-08-07 12:13:55 tagged paper:1759-7390-87-6-55139.pdf -> 4 tags
2026-08-07 12:14:11 tagged paper:2024-focused-update-guidelines-on-use-of-corticosteroids-in.pdf -> 5 tags
2026-08-07 12:14:35 tagged paper:2025_elso_consensus_statement_for_the_provision.2_1.pdf -> 6 tags
2026-08-07 12:15:02 tagged paper:2153-8174-27-6-49283.pdf -> 3 tags
2026-08-07 12:15:24 tagged paper:2153-8174-27-7-49773.pdf -> 6 tags
2026-08-07 12:15:44 tagged paper:2965-2774-ccsci-38-e20260215.pdf -> 3 tags
2026-08-07 12:16:01 tagged paper:3.5flash_1-s2.0-S1875213626000513.pdf -> 3 tags
2026-08-07 12:16:17 tagged paper:AGA_Clinical_Practice_Update_on_Management_of_Clostridioides_difficile.pdf -> 2 tags
2026-08-07 12:16:20 tagged paper:Acute cardiovascular complications of sympathomimetic recreational drug use.pdf -> 5 tags
2026-08-07 12:16:23 tagged paper:Acute-confusion-in-pregnancy_2025_Clinical-Medicine_1.pdf -> 6 tags
2026-08-07 12:16:27 tagged paper:Approach-to-investigation-and-management-of-proteinuria-i_2025_Clinical-Medi.pdf -> 5 tags
2026-08-07 12:16:44 tagged paper:Chronic-hepatitis-B-in-2025--diagnosis--treatment-and-fut_2025_Clinical-Medi.pdf -> 2 tags
2026-08-07 12:16:48 tagged paper:ESICM FLUID 1.pdf -> 4 tags
2026-08-07 12:17:01 tagged deck:Cardiology/Acute Coronary Syndromes -> 3 tags
2026-08-07 12:17:05 tagged deck:Cardiology/Acute Heart Failure -> 4 tags
2026-08-07 12:17:08 tagged deck:Cardiology/Aortic Diseases -> 3 tags
2026-08-07 12:17:12 tagged deck:Cardiology/Cardiac Arrest & Post-Cardiac Arrest Care -> 1 tags
2026-08-07 12:17:24 linked deck:Cardiology/Acute Coronary Syndromes -> 6 targets
2026-08-07 12:17:30 linked deck:Cardiology/Acute Heart Failure -> 6 targets
2026-08-07 12:17:33 linked deck:Cardiology/Aortic Diseases -> 4 targets
2026-08-07 12:17:43 linked deck:Cardiology/Cardiac Arrest & Post-Cardiac Arrest Care -> 5 targets
2026-08-07 12:17:43 linker run complete: processed=4
2026-08-07 12:17:58 tagged deck:Cardiology/Acute Coronary Syndromes -> 3 tags
2026-08-07 12:18:03 tagged deck:Cardiology/Acute Heart Failure -> 4 tags
2026-08-07 12:18:08 tagged deck:Cardiology/Aortic Diseases -> 2 tags
2026-08-07 12:18:10 tagged deck:Cardiology/Cardiac Arrest & Post-Cardiac Arrest Care -> 0 tags
2026-08-07 12:18:14 tagged deck:Cardiology/Cardiac Imaging -> 2 tags
2026-08-07 12:18:17 tagged deck:Cardiology/Cardiogenic Shock -> 4 tags
2026-08-07 12:18:25 tagged deck:Cardiology/Chronic Heart Failure -> 3 tags
2026-08-07 12:18:29 tagged deck:Cardiology/General -> 5 tags
2026-08-07 12:18:32 tagged deck:Cardiology/Hemodynamic Monitoring -> 3 tags
2026-08-07 12:18:35 tagged deck:Cardiology/Pulmonary Hypertension -> 2 tags
2026-08-07 12:18:37 tagged paper:000549732.pdf -> 4 tags
2026-08-07 12:18:43 tagged paper:1-s2.0-S0022480426003471.pdf -> 4 tags
2026-08-07 12:18:46 tagged paper:1-s2.0-S0025712526000179-main.pdf -> 3 tags
2026-08-07 12:18:49 tagged paper:1-s2.0-S0305417926002950-main (1).pdf -> 0 tags
2026-08-07 12:18:53 tagged paper:1-s2.0-S0305417926002950-main.pdf -> 2 tags
2026-08-07 12:19:02 tagged paper:1-s2.0-S0735675726003402.pdf -> 3 tags
2026-08-07 12:19:05 tagged paper:1-s2.0-S0964339726001588-main.pdf -> 3 tags
2026-08-07 12:19:08 tagged paper:1-s2.0-S1053077026000546-main.pdf -> 4 tags
2026-08-07 12:19:11 tagged paper:1-s2.0-S1424390325000857-main.pdf -> 3 tags
2026-08-07 12:19:14 tagged paper:1-s2.0-S1470211824054629.pdf -> 3 tags
2026-08-07 12:19:19 tagged paper:1-s2.0-S1665268124005349-main.pdf -> 3 tags
2026-08-07 12:19:22 tagged paper:1-s2.0-S1836955326000561-main.pdf -> 4 tags
2026-08-07 12:19:26 tagged paper:1-s2.0-S2110582025020199-main.pdf -> 0 tags
2026-08-07 12:19:37 tagged paper:1-s2.0-S2110582025020321-main_1.pdf -> 5 tags
2026-08-07 12:19:40 tagged paper:1-s2.0-S2110582026000658-main.pdf -> 2 tags
2026-08-07 12:19:44 tagged paper:1-s2.0-S211058202600110X-main.pdf -> 5 tags
2026-08-07 12:19:48 tagged paper:1-s2.0-S2110582026001238-main.pdf -> 3 tags
2026-08-07 12:19:51 tagged paper:1-s2.0-S2110582026001408-main.pdf -> 3 tags
2026-08-07 12:19:59 tagged paper:1-s2.0-S2352556826001219-main.pdf -> 3 tags
2026-08-07 12:20:02 tagged paper:1-s2.0-S2667100X26000320-main.pdf -> 2 tags
2026-08-07 12:20:06 tagged paper:1-s2.0-S2667100X26000940-main.pdf -> 3 tags
2026-08-07 12:20:12 tagged paper:1-s2.0-S2667100X26001180-main_1.pdf -> 3 tags
2026-08-07 12:20:18 tagged paper:1-s2.0-S2667100X26001246-main.pdf -> 2 tags
2026-08-07 12:20:24 tagged paper:1-s2.0-S2667100X26001258-main.pdf -> 3 tags
2026-08-07 12:20:28 tagged paper:1-s2.0-S2772529426000470.pdf -> 0 tags
2026-08-07 12:20:32 tagged paper:1-s2.0-S2772529426002183-main.pdf -> 4 tags
2026-08-07 12:20:36 tagged paper:1-s2.0-S2772963X26002577-main.pdf -> 3 tags
2026-08-07 12:20:41 tagged paper:1-s2.0-S2949788426000365-main.pdf -> 2 tags
2026-08-07 12:20:45 tagged paper:1-s2.0-S3117821926000029-main.pdf -> 4 tags
2026-08-07 12:20:49 tagged paper:1759-7390-87-5-54060.pdf -> 0 tags
2026-08-07 12:20:57 tagged paper:1759-7390-87-6-55139.pdf -> 5 tags
2026-08-07 12:21:00 tagged paper:2024-focused-update-guidelines-on-use-of-corticosteroids-in.pdf -> 4 tags
2026-08-07 12:21:15 tagged paper:2025_elso_consensus_statement_for_the_provision.2_1.pdf -> 5 tags
2026-08-07 12:21:20 tagged paper:2153-8174-27-6-49283.pdf -> 5 tags
2026-08-07 12:21:35 tagged paper:2153-8174-27-7-49773.pdf -> 5 tags
2026-08-07 12:21:38 tagged paper:2965-2774-ccsci-38-e20260215.pdf -> 0 tags
2026-08-07 12:21:40 tagged paper:3.5flash_1-s2.0-S1875213626000513.pdf -> 4 tags
2026-08-07 12:21:41 tagged paper:AGA_Clinical_Practice_Update_on_Management_of_Clostridioides_difficile.pdf -> 3 tags
2026-08-07 12:21:52 tagged paper:Acute cardiovascular complications of sympathomimetic recreational drug use.pdf -> 4 tags
2026-08-07 12:22:04 tagged paper:Acute-confusion-in-pregnancy_2025_Clinical-Medicine_1.pdf -> 2 tags
2026-08-07 12:22:08 tagged paper:Approach-to-investigation-and-management-of-proteinuria-i_2025_Clinical-Medi.pdf -> 5 tags
2026-08-07 12:22:17 tagged paper:Chronic-hepatitis-B-in-2025--diagnosis--treatment-and-fut_2025_Clinical-Medi.pdf -> 3 tags
2026-08-07 12:22:30 tagged paper:ESICM FLUID 1.pdf -> 3 tags
2026-08-07 12:22:33 tagged paper:ESICM FLUID 2.pdf -> 4 tags
2026-08-07 12:22:35 tagged paper:ESICM FLUID 3.pdf -> 1 tags
2026-08-07 12:22:39 tagged paper:Endovascular_Thrombectomy_in_Medium_and_Distal_Vessel_Occlusions.pdf -> 4 tags
2026-08-07 12:22:46 tagged paper:Eur Respir Rev-2022-Lamoth-220114.pdf -> 4 tags
2026-08-07 12:22:52 tagged paper:European J of Haematology - 2026 - Zhou - Renal Dysfunction Complicating the Management of Hematologic Diseases.pdf -> 3 tags
2026-08-07 12:22:56 tagged paper:FUO.pdf -> 3 tags
2026-08-07 12:23:00 tagged paper:Flexible-bronchoscopy-in-.pdf -> 2 tags
2026-08-07 12:23:12 tagged paper:Frerichs+et+al_2026_Physiol._Meas._10.1088_1361-6579_ae8b55.pdf -> 4 tags
2026-08-07 12:23:16 tagged paper:GOLD-Pocket-Guide-2026-v1.1-20Nov2025_WMV2.pdf -> 3 tags
2026-08-07 12:23:26 tagged paper:Hepatitis-C--current-treatments--emerging-therapies-and-tackli_2025_Clinical.pdf -> 3 tags
2026-08-07 12:23:29 tagged paper:Hepatocellular-carcinoma--HCC---An-update-on-risk-factors--su_2025_Clinical-.pdf -> 0 tags
2026-08-07 12:23:34 tagged paper:ICM_26_Internationalevidence-basedrecommendationsforpoint-of-carelungultrasound.pdf -> 4 tags
2026-08-07 12:23:43 tagged paper:IJA-69-1117.pdf -> 4 tags
2026-08-07 12:23:51 tagged paper:ISCCM GUIDELINES 2024.pdf -> 5 tags
2026-08-07 12:23:55 tagged paper:ISCCM guidelines for CRE CRAB and CRPA.pdf -> 3 tags
2026-08-07 12:23:59 tagged paper:J Parenter Enteral Nutr - 2024 - Man - What do we know about micronutrients in critically ill patients  A narrative review (1).pdf -> 4 tags
2026-08-07 12:24:07 tagged paper:Ketamine for status epilepticus.pdf -> 4 tags
2026-08-07 12:24:11 tagged paper:Left ventricular outflow tract obstruction in critically ill patients.pdf -> 3 tags
2026-08-07 12:24:14 tagged paper:Liver biopsy and acute hepatology in intensive care unit patients.pdf -> 5 tags
2026-08-07 12:24:17 tagged paper:MYC-68-e70132.pdf -> 5 tags
2026-08-07 12:24:21 tagged paper:Management-of-acute-decompensated-cirrhosis_2025_Clinical-Medicine.pdf -> 3 tags
2026-08-07 12:24:25 tagged paper:Metabolic-dysfunction-associated-steatotic-liver-disea_2025_Clinical-Medicin.pdf -> 3 tags
2026-08-07 12:24:28 tagged paper:NEJMoa2517213.pdf -> 2 tags
2026-08-07 12:24:31 tagged paper:NEJMra2506111.pdf -> 0 tags
2026-08-07 12:26:57 tagged deck:Cardiology/Acute Coronary Syndromes -> 1 tags
2026-08-07 12:27:01 tagged deck:Cardiology/Acute Heart Failure -> 4 tags
2026-08-07 12:27:06 tagged deck:Cardiology/Aortic Diseases -> 3 tags
2026-08-07 12:27:11 tagged deck:Cardiology/Cardiac Arrest & Post-Cardiac Arrest Care -> 2 tags
2026-08-07 12:27:17 tagged deck:Cardiology/Cardiac Imaging -> 2 tags
2026-08-07 12:27:24 tagged deck:Cardiology/Cardiogenic Shock -> 4 tags
2026-08-07 12:27:30 tagged deck:Cardiology/Chronic Heart Failure -> 3 tags
2026-08-07 12:28:11 tagged deck:Cardiology/General -> 5 tags
2026-08-07 12:28:16 tagged deck:Cardiology/Hemodynamic Monitoring -> 2 tags
2026-08-07 12:28:19 tagged deck:Cardiology/Pulmonary Hypertension -> 0 tags
2026-08-07 12:28:26 tagged paper:000549732.pdf -> 4 tags
2026-08-07 12:28:40 tagged paper:1-s2.0-S0022480426003471.pdf -> 3 tags
2026-08-07 12:28:45 tagged paper:1-s2.0-S0025712526000179-main.pdf -> 3 tags
2026-08-07 12:28:56 tagged paper:1-s2.0-S0305417926002950-main (1).pdf -> 5 tags
2026-08-07 12:29:03 tagged paper:1-s2.0-S0305417926002950-main.pdf -> 2 tags
2026-08-07 12:29:11 tagged paper:1-s2.0-S0735675726003402.pdf -> 4 tags
2026-08-07 12:29:17 tagged paper:1-s2.0-S0964339726001588-main.pdf -> 2 tags
2026-08-07 12:39:05 tagged paper:1-s2.0-S1053077026000546-main.pdf -> 0 tags
2026-08-07 12:39:10 tagged paper:1-s2.0-S1424390325000857-main.pdf -> 3 tags
2026-08-07 12:39:12 tagged paper:1-s2.0-S1470211824054629.pdf -> 2 tags
2026-08-07 12:39:18 tagged paper:1-s2.0-S1665268124005349-main.pdf -> 3 tags
2026-08-07 12:39:28 tagged paper:1-s2.0-S1836955326000561-main.pdf -> 0 tags
2026-08-07 12:39:35 tagged paper:1-s2.0-S2110582025020199-main.pdf -> 5 tags
2026-08-07 12:39:38 tagged paper:1-s2.0-S2110582025020321-main_1.pdf -> 0 tags
2026-08-07 12:39:53 tagged paper:1-s2.0-S2110582026000658-main.pdf -> 2 tags
2026-08-07 12:40:24 tagged paper:1-s2.0-S211058202600110X-main.pdf -> 4 tags
2026-08-07 12:40:46 tagged paper:1-s2.0-S2110582026001238-main.pdf -> 3 tags
2026-08-07 12:40:49 tagged paper:1-s2.0-S2110582026001408-main.pdf -> 0 tags
2026-08-07 12:40:56 tagged paper:1-s2.0-S2352556826001219-main.pdf -> 4 tags
2026-08-07 12:41:01 tagged paper:1-s2.0-S2667100X26000320-main.pdf -> 2 tags
2026-08-07 12:41:38 tagged paper:1-s2.0-S2667100X26000940-main.pdf -> 2 tags
2026-08-07 12:41:46 tagged paper:1-s2.0-S2667100X26001180-main_1.pdf -> 5 tags
2026-08-07 12:41:50 tagged paper:1-s2.0-S2667100X26001246-main.pdf -> 2 tags
2026-08-07 12:44:23 tagged paper:1-s2.0-S2667100X26001258-main.pdf -> 0 tags
2026-08-07 12:44:29 tagged paper:1-s2.0-S2772529426000470.pdf -> 2 tags
2026-08-07 12:44:41 tagged paper:1-s2.0-S2772529426002183-main.pdf -> 2 tags
2026-08-07 12:44:56 tagged paper:1-s2.0-S2772963X26002577-main.pdf -> 1 tags
2026-08-07 12:45:04 tagged paper:1-s2.0-S2949788426000365-main.pdf -> 2 tags
2026-08-07 12:46:22 tagged paper:1-s2.0-S3117821926000029-main.pdf -> 4 tags
2026-08-07 12:46:24 tagged paper:1759-7390-87-5-54060.pdf -> 0 tags
2026-08-07 12:46:28 tagged paper:1759-7390-87-6-55139.pdf -> 2 tags
2026-08-07 12:46:30 tagged paper:2024-focused-update-guidelines-on-use-of-corticosteroids-in.pdf -> 0 tags
2026-08-07 12:46:36 tagged paper:2025_elso_consensus_statement_for_the_provision.2_1.pdf -> 6 tags
2026-08-07 12:46:43 tagged paper:2153-8174-27-6-49283.pdf -> 5 tags
2026-08-07 12:46:52 tagged paper:2153-8174-27-7-49773.pdf -> 6 tags
2026-08-07 12:47:01 tagged paper:2965-2774-ccsci-38-e20260215.pdf -> 4 tags
2026-08-07 12:47:06 tagged paper:3.5flash_1-s2.0-S1875213626000513.pdf -> 3 tags
2026-08-07 12:47:12 tagged paper:AGA_Clinical_Practice_Update_on_Management_of_Clostridioides_difficile.pdf -> 3 tags
2026-08-07 12:47:18 tagged paper:Acute cardiovascular complications of sympathomimetic recreational drug use.pdf -> 3 tags
2026-08-07 12:47:28 tagged paper:Acute-confusion-in-pregnancy_2025_Clinical-Medicine_1.pdf -> 4 tags
2026-08-07 12:47:33 tagged paper:Approach-to-investigation-and-management-of-proteinuria-i_2025_Clinical-Medi.pdf -> 0 tags
2026-08-07 12:47:37 tagged paper:Chronic-hepatitis-B-in-2025--diagnosis--treatment-and-fut_2025_Clinical-Medi.pdf -> 3 tags
2026-08-07 12:47:53 tagged paper:ESICM FLUID 1.pdf -> 5 tags
2026-08-07 12:48:00 tagged paper:ESICM FLUID 2.pdf -> 3 tags
2026-08-07 12:48:10 tagged paper:ESICM FLUID 3.pdf -> 2 tags
2026-08-07 12:48:17 tagged paper:Endovascular_Thrombectomy_in_Medium_and_Distal_Vessel_Occlusions.pdf -> 4 tags
2026-08-07 12:48:18 tagged paper:Eur Respir Rev-2022-Lamoth-220114.pdf -> 0 tags
2026-08-07 12:48:20 tagged paper:European J of Haematology - 2026 - Zhou - Renal Dysfunction Complicating the Management of Hematologic Diseases.pdf -> 0 tags
2026-08-07 12:48:23 tagged paper:FUO.pdf -> 3 tags
2026-08-07 12:48:28 tagged paper:Flexible-bronchoscopy-in-.pdf -> 2 tags
2026-08-07 12:48:37 tagged paper:Frerichs+et+al_2026_Physiol._Meas._10.1088_1361-6579_ae8b55.pdf -> 3 tags
2026-08-07 12:48:43 tagged paper:GOLD-Pocket-Guide-2026-v1.1-20Nov2025_WMV2.pdf -> 3 tags
2026-08-07 12:48:49 tagged paper:Hepatitis-C--current-treatments--emerging-therapies-and-tackli_2025_Clinical.pdf -> 4 tags
2026-08-07 12:48:54 tagged paper:Hepatocellular-carcinoma--HCC---An-update-on-risk-factors--su_2025_Clinical-.pdf -> 4 tags
2026-08-07 12:49:55 tagged paper:ICM_26_Internationalevidence-basedrecommendationsforpoint-of-carelungultrasound.pdf -> 4 tags
2026-08-07 12:50:59 tagged paper:IJA-69-1117.pdf -> 4 tags
2026-08-07 12:51:07 tagged paper:ISCCM GUIDELINES 2024.pdf -> 5 tags
2026-08-07 12:51:13 tagged paper:ISCCM guidelines for CRE CRAB and CRPA.pdf -> 3 tags
2026-08-07 12:51:24 tagged paper:J Parenter Enteral Nutr - 2024 - Man - What do we know about micronutrients in critically ill patients  A narrative review (1).pdf -> 3 tags
2026-08-07 12:51:39 tagged paper:Ketamine for status epilepticus.pdf -> 3 tags
2026-08-07 12:51:43 tagged paper:Left ventricular outflow tract obstruction in critically ill patients.pdf -> 3 tags
2026-08-07 12:51:52 tagged paper:Liver biopsy and acute hepatology in intensive care unit patients.pdf -> 6 tags
2026-08-07 12:52:01 tagged paper:MYC-68-e70132.pdf -> 5 tags
2026-08-07 12:52:12 tagged paper:Management-of-acute-decompensated-cirrhosis_2025_Clinical-Medicine.pdf -> 3 tags
2026-08-07 12:52:14 tagged paper:Metabolic-dysfunction-associated-steatotic-liver-disea_2025_Clinical-Medicin.pdf -> 0 tags
2026-08-07 12:52:16 tagged paper:NEJMoa2517213.pdf -> 0 tags
2026-08-07 12:52:26 tagged paper:NEJMra2506111.pdf -> 3 tags
2026-08-07 12:52:31 tagged paper:Nephrology - 2025 - Bangera - The Kidney and Extracorporeal Therapies in Acute‐on‐Chronic Liver Failure  What the.pdf -> 5 tags
2026-08-07 12:52:34 tagged paper:Neurological complications in Critical illness.pdf -> 4 tags
2026-08-07 12:52:40 tagged paper:Noninvasive_Respiratory_Support_for_Adult_Patients_with_Acute_Respiratory.pdf -> 3 tags
2026-08-07 12:52:47 tagged paper:Nutrition in ICU_1.pdf -> 6 tags
2026-08-07 12:52:50 tagged paper:PIIS0003497526003449.pdf -> 2 tags
2026-08-07 12:53:11 tagged paper:PIIS0007091225006932.pdf -> 2 tags
2026-08-07 12:53:25 tagged paper:PIIS0007091225009353.pdf -> 3 tags
2026-08-07 12:53:34 tagged paper:PIIS000709122600005X.pdf -> 4 tags
2026-08-07 12:53:41 tagged paper:PIIS0007091226002734.pdf -> 3 tags
2026-08-07 12:53:43 tagged paper:PIIS0007091226003296.pdf -> 0 tags
2026-08-07 12:53:46 tagged paper:PIIS0012369224057350.pdf -> 2 tags
2026-08-07 12:54:08 tagged paper:PIIS0196064425012831.pdf -> 3 tags
2026-08-07 12:54:12 tagged paper:PIIS0959804926007057.pdf -> 4 tags
2026-08-07 12:54:15 tagged paper:PIIS103673142600041X.pdf -> 2 tags
2026-08-07 12:54:24 tagged paper:PIIS1538783626000073.pdf -> 3 tags
2026-08-07 12:54:38 tagged paper:PIIS2058534926000387.pdf -> 2 tags
2026-08-07 12:54:40 tagged paper:PIIS2772930324000681.pdf -> 4 tags
2026-08-07 12:54:56 tagged paper:PIIS2950133426001102.pdf -> 4 tags
2026-08-07 12:55:06 tagged paper:PIIS3050661126001280.pdf -> 4 tags
2026-08-07 12:55:10 tagged paper:Palliative-care-in-advanced-liver-disease_2025_Clinical-Medicine.pdf -> 3 tags
2026-08-07 12:55:14 tagged paper:Pathophysiology of Ketoacidosis.pdf -> 2 tags
2026-08-07 12:55:16 tagged paper:Pulmonary Hypertension AssociatedWith Left Heart Disease.pdf -> 3 tags
2026-08-07 12:55:18 tagged paper:Renal_congestion_in_Critically_Ill_a_neglected_mechanism_of_AKI.pdf -> 3 tags
2026-08-07 12:55:26 tagged paper:SUrviving Sepsis Campaign Guidelines 2026.pdf -> 2 tags
2026-08-07 12:55:34 tagged paper:Severe-acute-pulmonary-embolism-in-pregnancy_2025_Clinical-Medicine.pdf -> 5 tags
2026-08-07 12:55:54 tagged paper:Sickle cell emergencies.pdf -> 3 tags
2026-08-07 12:56:05 tagged paper:Systemic_corticosteroids_for_severe_community_acquired_pneumonia.pdf -> 5 tags
2026-08-07 12:56:12 tagged paper:The effects of asymmetrical versus symmetrical high-flow nasal cannula on respiratory muscle activity in acute hypoxaemic respiratory failure and chro.pdf -> 0 tags
2026-08-07 12:56:19 tagged paper:Traumatic Vasospasm.pdf -> 5 tags
2026-08-07 12:56:31 tagged paper:UEG Journal - 2026 - Cárdenas‐Jaén - AEG‐AESPANC‐OPGE‐SIED‐SPG Ibero‐Latin American Guidelines on Acute Pancreatitis .pdf -> 1 tags
2026-08-07 12:56:37 tagged paper:Usual-care mobilisation of adult patients inthe intensive care unit.pdf -> 4 tags
2026-08-07 12:56:51 tagged paper:VRe.pdf -> 5 tags
2026-08-07 12:57:05 tagged paper:WHO guidelines on Central venous catheters.pdf -> 4 tags
2026-08-07 12:57:10 tagged paper:WHO guidelines on Peripheral Catheters.pdf -> 4 tags
2026-08-07 12:57:16 tagged paper:WHO practical manual on meningitis diagnosis.pdf -> 3 tags
2026-08-07 12:57:19 tagged paper:WJCCM-15-114264_1.pdf -> 4 tags
2026-08-07 12:57:22 tagged paper:WJN-15-118309.pdf -> 6 tags
2026-08-07 12:57:27 tagged paper:a-2725-7350.pdf -> 4 tags
2026-08-07 12:57:36 tagged paper:a-narrative-review-of-neuroprotective-effects-of-albumin-the.pdf -> 3 tags
2026-08-07 12:57:40 tagged paper:acc-000884.pdf -> 3 tags
2026-08-07 12:57:45 tagged paper:acc-003425.pdf -> 4 tags
2026-08-07 12:57:48 tagged paper:acg-clinical-guideline-hepatic-encephalopathy.pdf -> 4 tags
2026-08-07 12:57:53 tagged paper:adedinsewo-et-al-2026-heart-failure-occurring-in-the-perinatal-period-a-scientific-statement-from-the-american-heart.pdf -> 3 tags
2026-08-07 12:58:06 tagged paper:advances_in_achieving_lung_and.7.pdf -> 4 tags
2026-08-07 12:58:24 tagged paper:advpub_CJ-25-0987.pdf -> 2 tags
2026-08-07 12:58:27 tagged paper:advpub_CJ-25-1144.pdf -> 2 tags
2026-08-07 12:58:32 tagged paper:american-college-of-gastroenterology-guidelines-management.pdf -> 2 tags
2026-08-07 12:58:35 tagged paper:asppx-liver-kidney-pancreas-manuscript.pdf -> 4 tags
2026-08-07 13:00:24 tagged paper:association_between_acute_gastrointestinal_injury.7.pdf -> 0 tags
2026-08-07 13:00:29 tagged paper:blood_bld-2023-022899-c-main.pdf -> 3 tags
2026-08-07 13:00:36 tagged paper:bmj-2025-084675.full_1.pdf -> 2 tags
2026-08-07 13:00:42 tagged paper:bmj-2025-085033.full.pdf -> 2 tags
2026-08-07 13:01:12 tagged paper:cardiac-arrest-and-resuscitative-cesarean-section-a-brief.pdf -> 4 tags
2026-08-07 13:01:24 tagged paper:creager-et-al-2026-2026-aha-acc-accp-acep-chest-scai-shm-sir-svm-svn-guideline-for-the-evaluation-and-management-of_1.pdf -> 2 tags
2026-08-07 13:01:28 tagged paper:current_management_of_traumatic_intracranial.1.pdf -> 4 tags
2026-08-07 13:12:25 tagged paper:dennis-et-al-2026-recommendations-in-extracorporeal-cardiopulmonary-resuscitation-post-resuscitation-care-via-an.pdf -> 0 tags
2026-08-07 13:21:41 tagged paper:dexmedetomidine_versus_usual_care_in_adult.10_1.pdf -> 0 tags
2026-08-07 13:21:46 tagged paper:diagnostic_and_prognostic_value_of_the_venous.875.pdf -> 2 tags
2026-08-07 13:21:53 tagged paper:diagnostics-16-01548.pdf -> 1 tags
2026-08-07 13:21:59 tagged paper:e001369.full.pdf -> 3 tags
2026-08-07 13:22:02 tagged paper:e001913.full.pdf -> 4 tags
2026-08-07 13:22:06 tagged paper:efficacy_and_safety_of_systemic_prophylactic.861.pdf -> 4 tags
2026-08-07 13:22:10 tagged paper:epidemiology-treatment-and-outcomes-of (1).pdf -> 0 tags
2026-08-07 13:22:12 tagged paper:epidemiology-treatment-and-outcomes-of.pdf -> 3 tags
2026-08-07 13:23:29 tagged paper:ethical_challenges_of_extracorporeal_membrane.5.pdf -> 3 tags
2026-08-07 13:23:36 tagged paper:evidence_based,_cost_effective_management_of_lower.1388.pdf -> 2 tags
2026-08-07 13:23:41 tagged paper:evidence_based,_cost_effective_management_of_upper.3.pdf -> 2 tags
2026-08-07 13:23:46 tagged paper:fcimb-16-1781229.pdf -> 4 tags
2026-08-07 13:23:51 tagged paper:fcimb-16-1823125.pdf -> 3 tags
2026-08-07 13:23:53 tagged paper:fcvm-13-1836476 (1).pdf -> 2 tags
2026-08-07 13:23:59 tagged paper:fcvm-13-1836476.pdf -> 3 tags
2026-08-07 13:24:38 tagged paper:fendo-15-1473151.pdf -> 2 tags
2026-08-07 13:24:45 tagged paper:fimmu-14-1230049.pdf -> 3 tags
2026-08-07 13:24:56 tagged paper:fmed-13-1775538.pdf -> 4 tags
2026-08-07 13:25:05 tagged paper:fmed-13-1808427_1.pdf -> 3 tags
2026-08-07 13:25:11 tagged paper:fmed-13-1823590.pdf -> 2 tags
2026-08-07 13:25:14 tagged paper:fmed-13-1857404_1.pdf -> 2 tags
2026-08-07 13:25:24 tagged paper:fmicb-16-1665685.pdf -> 4 tags
2026-08-07 13:25:26 tagged paper:fneur-17-1844556.pdf -> 3 tags
2026-08-07 13:33:11 tagged paper:fnmol-19-1840888.pdf -> 0 tags
2026-08-07 13:33:21 tagged paper:fnut-13-1859625.pdf -> 6 tags
2026-08-07 13:33:26 tagged paper:fphar-17-1775585.pdf -> 4 tags
2026-08-07 13:42:42 tagged paper:fphar-17-1786482.pdf -> 0 tags
2026-08-07 13:42:46 tagged paper:gut_microbiome_brain_cirrhosis_axis.19.pdf -> 4 tags
2026-08-07 13:44:18 tagged paper:hap-vap-guidelines-2016.pdf -> 4 tags
2026-08-07 13:44:25 tagged paper:howard-quijano-et-al-2026-perioperative-anemia-and-patient-blood-management-in-cardiac-surgery-a-scientific-statement.pdf -> 4 tags
2026-08-07 13:44:28 tagged paper:ijccm-26-S13.pdf -> 2 tags
2026-08-07 13:44:35 tagged paper:ijccm-28-s249.pdf -> 5 tags
2026-08-07 14:00:52 tagged paper:ijms-27-05779-v2.pdf -> 0 tags
2026-08-07 14:00:57 tagged paper:individualizing-post-icu-nutrition-from-guideline-intent-to.pdf -> 3 tags
2026-08-07 14:01:02 tagged paper:jcm-14-02067.pdf -> 4 tags
2026-08-07 14:01:14 tagged paper:jcm-15-03779.pdf -> 5 tags
2026-08-07 14:01:21 tagged paper:jcm-15-04227.pdf -> 2 tags
2026-08-07 14:01:29 tagged paper:jcm-15-04345.pdf -> 5 tags
2026-08-07 14:01:33 tagged paper:jcm-15-04453.pdf -> 3 tags
2026-08-07 14:01:39 tagged paper:jcm-15-05244.pdf -> 5 tags
2026-08-07 14:01:43 tagged paper:jcm-15-05250.pdf -> 3 tags
2026-08-07 14:01:45 tagged paper:jcm-15-05700.pdf -> 2 tags
2026-08-07 14:01:57 tagged paper:jcm-15-05729.pdf -> 3 tags
2026-08-07 14:02:07 tagged paper:jcm-15-05750.pdf -> 4 tags
2026-08-07 14:02:10 tagged paper:jcm-15-05811-v2.pdf -> 4 tags
2026-08-07 14:02:17 tagged paper:jcm-15-05947.pdf -> 5 tags
2026-08-07 14:02:23 tagged paper:kumbhani-et-al-2026-antiplatelet-therapy-in-the-management-of-atherosclerotic-cardiovascular-disease-2026-acc.pdf -> 3 tags
2026-08-07 14:02:29 tagged paper:life-16-00913_1.pdf -> 2 tags
2026-08-07 14:02:36 tagged paper:mLife - 2026 - Fang - Emerging role of metagenomic next‐generation sequencing in infectious disease diagnostics  Clinical.pdf -> 6 tags
2026-08-07 14:02:44 tagged paper:magnesium_sulfate_to_prevent_perioperative_atrial.847.pdf -> 3 tags
2026-08-07 14:02:57 tagged paper:managing-multidrug-resistant-gram-negative-bacteraemia-in (1).pdf -> 4 tags
2026-08-07 14:03:07 tagged paper:managing-multidrug-resistant-gram-negative-bacteraemia-in.pdf -> 6 tags
2026-08-07 14:03:11 tagged paper:medicina-62-01070 (1).pdf -> 5 tags
2026-08-07 14:03:21 tagged paper:medicina-62-01070.pdf -> 5 tags
2026-08-07 14:03:24 tagged paper:miller-et-al-2024-acute-decompensated-valvular-disease-in-the-intensive-care-unit.pdf -> 5 tags
2026-08-07 14:03:32 tagged paper:neurolint-18-00085-v2.pdf -> 4 tags
2026-08-07 14:03:45 tagged paper:neurological-complications-neuromonitoring-and-outcomes-in.pdf -> 4 tags
2026-08-07 14:03:55 tagged paper:nutrients-18-01359.pdf -> 4 tags
2026-08-07 14:05:26 tagged paper:ofag333.pdf -> 5 tags
2026-08-07 14:05:36 tagged paper:pathophysiology-33-00036_1.pdf -> 5 tags
2026-08-07 14:05:43 tagged paper:pathophysiology_and_prognostic_significance_of.5.pdf -> 5 tags
2026-08-07 14:05:47 tagged paper:prabhakaran-et-al-2026-2026-guideline-for-the-early-management-of-patients-with-acute-ischemic-stroke-a-guideline-from.pdf -> 2 tags
2026-08-07 14:05:54 tagged paper:progress-on-the-mechanism-of-pathological-injury-secondary.pdf -> 2 tags
2026-08-07 14:06:01 tagged paper:prophylaxis_of_venous_thromboembolism_in_trauma_.2.pdf -> 0 tags
2026-08-07 14:06:09 tagged paper:rapid_microbiological_diagnostics_for_sepsis_.6_1.pdf -> 3 tags
2026-08-07 14:06:13 tagged paper:rccm.202507-1692st.pdf -> 3 tags
2026-08-07 14:06:28 tagged paper:rhythmic_and_periodic_patterns_and_seizures_in.6.pdf -> 4 tags
2026-08-07 14:06:32 tagged paper:role_of_neurophysiologic_testing_in.4.pdf -> 2 tags
2026-08-07 14:06:44 tagged paper:ruel-et-al-2026-secondary-prevention-after-coronary-artery-bypass-graft-surgery-2026-update-a-scientific-statement-from.pdf -> 1 tags
2026-08-07 14:18:17 tagged paper:s00134-026-08459-6.pdf -> 0 tags
2026-08-07 14:18:21 tagged paper:s00134-026-08490-7.pdf -> 4 tags
2026-08-07 14:18:27 tagged paper:s00134-026-08491-6_1.pdf -> 2 tags
2026-08-07 14:19:27 tagged paper:s00134-026-08496-1.pdf -> 5 tags
2026-08-07 14:19:34 tagged paper:s00134-026-08502-6.pdf -> 6 tags
2026-08-07 14:19:52 tagged paper:s00134-026-08503-5.pdf -> 4 tags
2026-08-07 14:19:58 tagged paper:s00134-026-08543-x.pdf -> 4 tags
2026-08-07 14:20:07 tagged paper:s00330-026-12440-8.pdf -> 6 tags
2026-08-07 14:20:13 tagged paper:s00508-026-02771-3.pdf -> 4 tags
2026-08-07 14:20:16 tagged paper:s10096-026-05577-3.pdf -> 6 tags
2026-08-07 14:20:18 tagged paper:s10571-026-01669-y.pdf -> 5 tags
2026-08-07 14:20:23 tagged paper:s10741-026-10636-0.pdf -> 3 tags
2026-08-07 14:21:04 tagged paper:s10741-026-10654-y.pdf -> 4 tags
2026-08-07 14:21:08 tagged paper:s10877-026-01457-5.pdf -> 5 tags
2026-08-07 14:21:13 tagged paper:s11908-026-00886-2.pdf -> 4 tags
2026-08-07 14:21:20 tagged paper:s11926-026-01223-1.pdf -> 3 tags
2026-08-07 14:21:26 tagged paper:s12028-023-01752-y (1).pdf -> 3 tags
2026-08-07 14:21:33 tagged paper:s12028-026-02551-x.pdf -> 3 tags
2026-08-07 14:21:36 tagged paper:s12028-026-02565-5.pdf -> 2 tags
2026-08-07 14:21:41 tagged paper:s12072-026-11116-1.pdf -> 3 tags
2026-08-07 14:21:51 tagged paper:s12245-025-01078-w_1.pdf -> 3 tags
2026-08-07 14:22:01 tagged paper:s12245-026-01138-9.pdf -> 3 tags
2026-08-07 14:22:21 tagged paper:s12630-026-03148-w.pdf -> 4 tags
2026-08-07 14:23:09 tagged paper:s12871-026-03910-z_reference.pdf -> 5 tags
2026-08-07 14:23:17 tagged paper:s13054-023-04632-1.pdf -> 3 tags
2026-08-07 14:23:34 tagged paper:s13054-025-05653-8.pdf -> 5 tags
2026-08-07 14:23:43 tagged paper:s13054-026-05993-z.pdf -> 4 tags
2026-08-07 14:23:48 tagged paper:s13054-026-06015-8.pdf -> 4 tags
2026-08-07 14:23:50 tagged paper:s13054-026-06058-x.pdf -> 0 tags
2026-08-07 14:23:55 tagged paper:s13054-026-06066-x.pdf -> 5 tags
2026-08-07 14:23:58 tagged paper:s13054-026-06075-w.pdf.xml.pdf -> 3 tags
2026-08-07 14:24:03 tagged paper:s13054-026-06075-w_1.pdf -> 3 tags
2026-08-07 14:24:14 tagged paper:s13054-026-06106-6.pdf -> 4 tags
2026-08-07 14:24:18 tagged paper:s13054-026-06111-9.pdf -> 2 tags
2026-08-07 14:24:24 tagged paper:s13054-026-06123-5.pdf -> 5 tags
2026-08-07 14:24:30 tagged paper:s13054-026-06142-2_reference_1.pdf -> 4 tags
2026-08-07 14:24:37 tagged paper:s13054-026-06144-0.pdf -> 4 tags
2026-08-07 14:24:39 tagged paper:s13054-026-06153-z.pdf -> 2 tags
2026-08-07 14:24:43 tagged paper:s13054-026-06158-8_reference.pdf -> 3 tags
2026-08-07 14:24:47 tagged paper:s13054-026-06197-1.pdf -> 3 tags
2026-08-07 14:24:52 tagged paper:s13054-026-06201-8.pdf -> 4 tags
2026-08-07 14:24:56 tagged paper:s15010-026-02852-5_1.pdf -> 4 tags
2026-08-07 14:25:01 tagged paper:s40001-026-04401-0.pdf -> 4 tags
2026-08-07 14:25:06 tagged paper:s44158-026-00393-9.pdf -> 2 tags
2026-08-07 14:25:09 tagged paper:s44254-026-00177-y.pdf -> 3 tags
2026-08-07 14:25:12 tagged paper:s44348-026-00078-5.pdf -> 4 tags
2026-08-07 14:25:16 tagged paper:source-control-in-intra-abdominal-infections-what-you-need.pdf -> 3 tags
2026-08-07 14:26:20 tagged paper:the-leaky-gut-and-microbiome-in-critical-illness-emerging.pdf -> 2 tags
2026-08-07 14:26:25 tagged paper:the_vicious_cycle__delirium,_sedation,_and_patient.7.pdf -> 1 tags
2026-08-07 14:26:34 tagged paper:ti-39-16284.pdf -> 4 tags
2026-08-07 14:26:43 tagged paper:usefulness-of-bedside-point-of-care-ultrasounds-in-intensive.pdf -> 3 tags
2026-08-07 14:26:53 tagged paper:walsh-et-al-2026-aha-acc-esc-whf-expert-consensus-document-second-universal-definition-of-heart-failure-(2026).pdf -> 1 tags
2026-08-07 14:26:55 tagged paper:xavier-monnet-esicm-guidelines-on-circulatory-shock (1).pdf -> 2 tags
2026-08-07 14:28:01 tagged paper:zuaf057.pdf -> 6 tags
2026-08-07 14:28:14 tagged paper:zuaf159.pdf -> 3 tags
2026-08-07 14:28:16 tagged theory:Cardiology/Advanced Cardiac Life Support/What are the changes in recent ACLS update as comp.md -> 1 tags
2026-08-07 14:29:16 tagged theory:Cardiology/Arrhythmia Management/Tackling Arrhythmia in ICU_ Critically Ill Patient.md -> 4 tags
2026-08-07 14:29:21 tagged theory:Cardiology/Mechanical Circulatory Support/Mechanical Circulatory Devices in Critical Care.md -> 4 tags
2026-08-07 14:29:25 tagged theory:Cardiology/RV‑PA Coupling/Right Ventricular–Pulmonary Artery (RV–PA) Couplin -> 3 tags
2026-08-07 14:29:28 tagged theory:General/Adverse Event Reporting/Serious Adverse Event (SAE) Reporting & Root Cause,md -> 4 tags
2026-08-07 14:29:32 tagged theory:General/ICU Documentation/Documentation in Critical Care and ICU_ Purpose, P.md -> 2 tags
2026-08-07 14:29:36 tagged theory:General/ICU-acquired weakness/Sarcopenia in the ICU_ An Exam-Style Detailed Note.md -> 0 tags
2026-08-07 14:29:40 tagged theory:General/Medicolegal Risk Management/Medicolegal Risk Assessments and Management in Int.md -> 4 tags
2026-08-07 14:29:44 tagged theory:General/Withdrawal and Withholding of LST/Process of Withdrawing or Withholding Life-Sustain.md -> 4 tags
2026-08-07 14:29:47 tagged theory:Hepatology/Liver Transplant Critical Care/Critical Care of Liver Transplant Recipients_ Stat.md -> 3 tags
2026-08-07 14:29:50 tagged theory:Immunology/Plasma Exchange/Therapeutic Plasma Exchange (PLEX_TPE) in ICU.md -> 2 tags
2026-08-07 14:29:59 tagged theory:Multisystem/Hemodynamic Coherence/Hemodynamic Coherence and Personalized Hemodynamic.md -> 3 tags
2026-08-07 14:31:01 tagged theory:Nephrology/AKI Care Bundle/AKI Care Bundle — Structured Elaboration for ICU P.md -> 4 tags
2026-08-07 14:31:04 tagged theory:Nephrology/AKI Classification Systems/Acute Kidney Injury Classification Systems_ RIFLE,.md -> 2 tags
2026-08-07 14:31:11 tagged theory:Nephrology/AKI Definition and Staging/Acute Kidney Injury (AKI) in ICU.md -> 2 tags
2026-08-07 14:31:16 tagged theory:Nephrology/CKD Nutrition/Nutrition in Chronic Kidney Disease (CKD).md -> 2 tags
2026-08-07 14:31:22 tagged theory:Nephrology/CRRT Anticoagulation/Anticoagulation During CRRT_ Exam-Style Notes.md -> 2 tags
2026-08-07 14:32:09 tagged theory:Nephrology/Thrombosis in Kidney Disease/Factors associated with increased thromboembolism.md -> 0 tags
2026-08-07 14:32:14 tagged theory:Neurology/Acute Ischemic Stroke/What are changes in recent stroke guidelines 2026.md -> 3 tags
2026-08-07 14:32:17 tagged theory:Neurology/Antiplatelet Therapy/Antiplatelet Therapy after stroke.md -> 4 tags
2026-08-07 14:32:25 tagged theory:Nutrition/ICU Nutrition Monitoring/Critical Care Nutrition.md -> 1 tags
2026-08-07 14:33:06 tagged theory:Nutrition/Nutrition Monitoring in ICU/Monitoring of Critical Care Nutrition.md -> 0 tags
2026-08-07 14:33:11 tagged theory:Obstetrics And Gynecology/Maternal and Fetal Monitoring/Monitoring in Pregnancy in ICU During Critical Ill.md -> 2 tags
2026-08-07 14:33:13 tagged theory:Obstetrics And Gynecology/Thrombotic Microangiopathy in Pregnancy/Microangiopathic Anemia and Thrombotic Microangiop.md -> 2 tags
2026-08-07 14:51:41 tagged theory:Pulmonology/Arterial Blood Gas/ABGA in ICU_ Diagnostic Utilities, Normal Values &.md -> 0 tags
2026-08-07 14:51:45 tagged theory:Pulmonology/Respiratory Physiotherapy/Respiratory Physiotherapy in the ICU_ A Comprehens.md -> 3 tags
2026-08-07 14:51:53 tagged theory:Sepsis/Biomarkers/Biomarkers of Sepsis_ Old and New.md -> 4 tags
2026-08-07 14:51:57 tagged theory:Trauma/Spinal Cord Injury/Traumatic Spinal Cord Injury_ ICU Diagnosis, Scori.md -> 0 tags
2026-08-07 14:52:17 linked deck:Cardiology/Acute Coronary Syndromes -> 5 targets
2026-08-07 14:52:29 linked deck:Cardiology/Acute Heart Failure -> 6 targets
2026-08-07 14:52:36 linked deck:Cardiology/Aortic Diseases -> 4 targets
2026-08-07 14:52:51 linked deck:Cardiology/Cardiac Arrest & Post-Cardiac Arrest Care -> 3 targets
2026-08-07 14:53:03 linked deck:Cardiology/Cardiac Imaging -> 5 targets
2026-08-07 14:53:10 linked deck:Cardiology/Cardiogenic Shock -> 6 targets
2026-08-07 14:53:21 linked deck:Cardiology/Chronic Heart Failure -> 5 targets
2026-08-07 14:53:29 linked deck:Cardiology/General -> 6 targets
2026-08-07 14:53:42 linked deck:Cardiology/Hemodynamic Monitoring -> 6 targets
2026-08-07 14:53:48 linked deck:Cardiology/Pulmonary Hypertension -> 6 targets
2026-08-07 14:54:01 linked paper:000549732.pdf -> 6 targets
2026-08-07 14:54:07 linked paper:1-s2.0-S0022480426003471.pdf -> 5 targets
2026-08-07 14:54:10 linked paper:1-s2.0-S0025712526000179-main.pdf -> 2 targets
2026-08-07 14:54:15 linked paper:1-s2.0-S0305417926002950-main (1).pdf -> 5 targets
2026-08-07 14:54:20 linked paper:1-s2.0-S0305417926002950-main.pdf -> 3 targets
2026-08-07 15:09:25 linked paper:1-s2.0-S0735675726003402.pdf -> 5 targets
2026-08-07 15:09:43 linked paper:1-s2.0-S0964339726001588-main.pdf -> 5 targets
2026-08-07 15:10:15 linked paper:1-s2.0-S1053077026000546-main.pdf -> 6 targets
2026-08-07 15:10:17 linked paper:1-s2.0-S1424390325000857-main.pdf -> 4 targets
2026-08-07 15:10:56 linked paper:1-s2.0-S1470211824054629.pdf -> 5 targets
2026-08-07 15:11:00 linked paper:1-s2.0-S1665268124005349-main.pdf -> 5 targets
2026-08-07 15:11:02 linked paper:1-s2.0-S1836955326000561-main.pdf -> 1 targets
2026-08-07 15:11:11 linked paper:1-s2.0-S2110582025020199-main.pdf -> 5 targets
2026-08-07 15:11:19 linked paper:1-s2.0-S2110582025020321-main_1.pdf -> 6 targets
2026-08-07 15:11:23 linked paper:1-s2.0-S2110582026000658-main.pdf -> 5 targets
2026-08-07 15:11:28 linked paper:1-s2.0-S211058202600110X-main.pdf -> 5 targets
2026-08-07 15:11:31 linked paper:1-s2.0-S2110582026001238-main.pdf -> 5 targets
2026-08-07 15:11:40 linked paper:1-s2.0-S2110582026001408-main.pdf -> 5 targets
2026-08-07 15:13:09 linked paper:1-s2.0-S2352556826001219-main.pdf -> 3 targets
2026-08-07 15:13:16 linked paper:1-s2.0-S2667100X26000320-main.pdf -> 6 targets
2026-08-07 15:13:29 linked paper:1-s2.0-S2667100X26000940-main.pdf -> 4 targets
2026-08-07 15:13:34 linked paper:1-s2.0-S2667100X26001180-main_1.pdf -> 5 targets
2026-08-07 15:13:40 linked paper:1-s2.0-S2667100X26001246-main.pdf -> 3 targets
2026-08-07 15:13:56 linked paper:1-s2.0-S2667100X26001258-main.pdf -> 3 targets
2026-08-07 15:15:29 linked paper:1-s2.0-S2772529426000470.pdf -> 5 targets
2026-08-07 15:15:36 linked paper:1-s2.0-S2772529426002183-main.pdf -> 5 targets
2026-08-07 15:15:42 linked paper:1-s2.0-S2772963X26002577-main.pdf -> 4 targets
2026-08-07 15:15:46 linked paper:1-s2.0-S2949788426000365-main.pdf -> 5 targets
2026-08-07 15:15:59 linked paper:1-s2.0-S3117821926000029-main.pdf -> 5 targets
2026-08-07 15:16:04 linked paper:1759-7390-87-5-54060.pdf -> 5 targets
2026-08-07 15:16:30 linked paper:1759-7390-87-6-55139.pdf -> 6 targets
2026-08-07 15:17:14 linked paper:2024-focused-update-guidelines-on-use-of-corticosteroids-in.pdf -> 6 targets
2026-08-07 15:17:18 linked paper:2025_elso_consensus_statement_for_the_provision.2_1.pdf -> 5 targets
2026-08-07 15:17:23 linked paper:2153-8174-27-6-49283.pdf -> 6 targets
2026-08-07 15:17:32 linked paper:2153-8174-27-7-49773.pdf -> 6 targets
2026-08-07 15:17:47 linked paper:2965-2774-ccsci-38-e20260215.pdf -> 5 targets
2026-08-07 15:17:51 linked paper:3.5flash_1-s2.0-S1875213626000513.pdf -> 5 targets
2026-08-07 15:17:52 linked paper:AGA_Clinical_Practice_Update_on_Management_of_Clostridioides_difficile.pdf -> 5 targets
2026-08-07 15:18:21 linked paper:Acute cardiovascular complications of sympathomimetic recreational drug use.pdf -> 5 targets
2026-08-07 15:18:29 linked paper:Acute-confusion-in-pregnancy_2025_Clinical-Medicine_1.pdf -> 5 targets
2026-08-07 15:18:33 linked paper:Approach-to-investigation-and-management-of-proteinuria-i_2025_Clinical-Medi.pdf -> 3 targets
2026-08-07 15:18:37 linked paper:Chronic-hepatitis-B-in-2025--diagnosis--treatment-and-fut_2025_Clinical-Medi.pdf -> 5 targets
2026-08-07 15:18:39 linked paper:ESICM FLUID 1.pdf -> 5 targets
2026-08-07 15:18:46 linked paper:ESICM FLUID 2.pdf -> 6 targets
2026-08-07 15:19:41 linked paper:ESICM FLUID 3.pdf -> 6 targets
2026-08-07 15:19:46 linked paper:Endovascular_Thrombectomy_in_Medium_and_Distal_Vessel_Occlusions.pdf -> 3 targets
2026-08-07 15:20:20 linked paper:Eur Respir Rev-2022-Lamoth-220114.pdf -> 3 targets
2026-08-07 15:20:53 linked paper:European J of Haematology - 2026 - Zhou - Renal Dysfunction Complicating the Management of Hematologic Diseases.pdf -> 5 targets
2026-08-07 15:21:11 linked paper:FUO.pdf -> 4 targets
2026-08-07 15:21:18 linked paper:Flexible-bronchoscopy-in-.pdf -> 6 targets
2026-08-07 15:21:25 linked paper:Frerichs+et+al_2026_Physiol._Meas._10.1088_1361-6579_ae8b55.pdf -> 4 targets
2026-08-07 15:21:45 linked paper:GOLD-Pocket-Guide-2026-v1.1-20Nov2025_WMV2.pdf -> 5 targets
2026-08-07 15:21:50 linked paper:Hepatitis-C--current-treatments--emerging-therapies-and-tackli_2025_Clinical.pdf -> 5 targets
2026-08-07 15:21:57 linked paper:Hepatocellular-carcinoma--HCC---An-update-on-risk-factors--su_2025_Clinical-.pdf -> 6 targets
2026-08-07 15:22:25 linked paper:ICM_26_Internationalevidence-basedrecommendationsforpoint-of-carelungultrasound.pdf -> 4 targets
2026-08-07 15:22:31 linked paper:IJA-69-1117.pdf -> 4 targets
2026-08-07 15:22:33 linked paper:ISCCM GUIDELINES 2024.pdf -> 5 targets
2026-08-07 15:22:39 linked paper:ISCCM guidelines for CRE CRAB and CRPA.pdf -> 5 targets
2026-08-07 15:22:48 linked paper:J Parenter Enteral Nutr - 2024 - Man - What do we know about micronutrients in critically ill patients  A narrative review (1).pdf -> 5 targets
2026-08-07 15:23:26 linked paper:Ketamine for status epilepticus.pdf -> 5 targets
2026-08-07 15:23:42 linked paper:Left ventricular outflow tract obstruction in critically ill patients.pdf -> 6 targets
2026-08-07 15:23:46 linked paper:Liver biopsy and acute hepatology in intensive care unit patients.pdf -> 5 targets
2026-08-07 15:23:58 linked paper:MYC-68-e70132.pdf -> 3 targets
2026-08-07 15:24:02 linked paper:Management-of-acute-decompensated-cirrhosis_2025_Clinical-Medicine.pdf -> 5 targets
2026-08-07 15:24:05 linked paper:Metabolic-dysfunction-associated-steatotic-liver-disea_2025_Clinical-Medicin.pdf -> 5 targets
2026-08-07 15:24:17 linked paper:NEJMoa2517213.pdf -> 3 targets
2026-08-07 15:24:21 linked paper:NEJMra2506111.pdf -> 6 targets
2026-08-07 15:24:29 linked paper:Nephrology - 2025 - Bangera - The Kidney and Extracorporeal Therapies in Acute‐on‐Chronic Liver Failure  What the.pdf -> 5 targets
2026-08-07 15:24:36 linked paper:Neurological complications in Critical illness.pdf -> 5 targets
2026-08-07 15:24:40 linked paper:Noninvasive_Respiratory_Support_for_Adult_Patients_with_Acute_Respiratory.pdf -> 6 targets
2026-08-07 15:25:02 linked paper:Nutrition in ICU_1.pdf -> 4 targets
2026-08-07 15:25:10 linked paper:PIIS0003497526003449.pdf -> 4 targets
2026-08-07 15:25:17 linked paper:PIIS0007091225006932.pdf -> 3 targets
2026-08-07 15:25:24 linked paper:PIIS0007091225009353.pdf -> 5 targets
2026-08-07 15:25:29 linked paper:PIIS000709122600005X.pdf -> 6 targets
2026-08-07 15:25:34 linked paper:PIIS0007091226002734.pdf -> 4 targets
2026-08-07 15:25:41 linked paper:PIIS0007091226003296.pdf -> 5 targets
2026-08-07 15:25:56 linked paper:PIIS0012369224057350.pdf -> 6 targets
2026-08-07 15:26:08 linked paper:PIIS0196064425012831.pdf -> 1 targets
2026-08-07 15:26:10 linked paper:PIIS0959804926007057.pdf -> 5 targets
2026-08-07 15:26:15 linked paper:PIIS103673142600041X.pdf -> 3 targets
2026-08-07 15:26:18 linked paper:PIIS1538783626000073.pdf -> 3 targets
2026-08-07 15:26:47 linked paper:PIIS2058534926000387.pdf -> 6 targets
2026-08-07 15:26:49 linked paper:PIIS2772930324000681.pdf -> 5 targets
2026-08-07 15:26:54 linked paper:PIIS2950133426001102.pdf -> 6 targets
2026-08-07 15:27:02 linked paper:PIIS3050661126001280.pdf -> 6 targets
2026-08-07 15:27:05 linked paper:Palliative-care-in-advanced-liver-disease_2025_Clinical-Medicine.pdf -> 5 targets
2026-08-07 15:27:07 linked paper:Pathophysiology of Ketoacidosis.pdf -> 5 targets
2026-08-07 15:27:09 linked paper:Pulmonary Hypertension AssociatedWith Left Heart Disease.pdf -> 6 targets
2026-08-07 15:27:17 linked paper:Renal_congestion_in_Critically_Ill_a_neglected_mechanism_of_AKI.pdf -> 5 targets
2026-08-07 15:27:24 linked paper:SUrviving Sepsis Campaign Guidelines 2026.pdf -> 6 targets
2026-08-07 15:27:27 linked paper:Severe-acute-pulmonary-embolism-in-pregnancy_2025_Clinical-Medicine.pdf -> 5 targets
2026-08-07 15:27:32 linked paper:Sickle cell emergencies.pdf -> 3 targets
2026-08-07 15:28:08 linked paper:Systemic_corticosteroids_for_severe_community_acquired_pneumonia.pdf -> 3 targets
2026-08-07 15:28:18 linked paper:The effects of asymmetrical versus symmetrical high-flow nasal cannula on respiratory muscle activity in acute hypoxaemic respiratory failure and chro.pdf -> 5 targets
2026-08-07 15:28:45 linked paper:Traumatic Vasospasm.pdf -> 5 targets
2026-08-07 15:28:48 linked paper:UEG Journal - 2026 - Cárdenas‐Jaén - AEG‐AESPANC‐OPGE‐SIED‐SPG Ibero‐Latin American Guidelines on Acute Pancreatitis .pdf -> 3 targets
2026-08-07 15:28:55 linked paper:Usual-care mobilisation of adult patients inthe intensive care unit.pdf -> 3 targets
2026-08-07 15:29:01 linked paper:VRe.pdf -> 5 targets
2026-08-07 15:29:06 linked paper:WHO guidelines on Central venous catheters.pdf -> 4 targets
2026-08-07 15:29:12 linked paper:WHO guidelines on Peripheral Catheters.pdf -> 3 targets
2026-08-07 15:29:18 linked paper:WHO practical manual on meningitis diagnosis.pdf -> 6 targets
2026-08-07 15:29:27 linked paper:WJCCM-15-114264_1.pdf -> 3 targets
2026-08-07 15:29:30 linked paper:WJN-15-118309.pdf -> 5 targets
2026-08-07 15:29:42 linked paper:a-2725-7350.pdf -> 6 targets
2026-08-07 15:29:56 linked paper:a-narrative-review-of-neuroprotective-effects-of-albumin-the.pdf -> 5 targets
2026-08-07 15:30:02 linked paper:acc-000884.pdf -> 6 targets
2026-08-07 15:30:09 linked paper:acc-003425.pdf -> 6 targets
2026-08-07 15:30:14 linked paper:acg-clinical-guideline-hepatic-encephalopathy.pdf -> 3 targets
2026-08-07 15:30:30 linked paper:adedinsewo-et-al-2026-heart-failure-occurring-in-the-perinatal-period-a-scientific-statement-from-the-american-heart.pdf -> 5 targets
2026-08-07 15:30:44 linked paper:advances_in_achieving_lung_and.7.pdf -> 6 targets
2026-08-07 15:30:49 linked paper:advpub_CJ-25-0987.pdf -> 3 targets
2026-08-07 15:30:57 linked paper:advpub_CJ-25-1144.pdf -> 4 targets
2026-08-07 15:31:04 linked paper:american-college-of-gastroenterology-guidelines-management.pdf -> 4 targets
2026-08-07 15:31:19 linked paper:asppx-liver-kidney-pancreas-manuscript.pdf -> 3 targets
2026-08-07 15:31:59 linked paper:association_between_acute_gastrointestinal_injury.7.pdf -> 4 targets
2026-08-07 15:32:05 linked paper:blood_bld-2023-022899-c-main.pdf -> 3 targets
2026-08-07 15:32:11 linked paper:bmj-2025-084675.full_1.pdf -> 6 targets
2026-08-07 15:32:11 linked paper:bmj-2025-085033.full.pdf -> 0 targets
2026-08-07 15:32:20 linked paper:cardiac-arrest-and-resuscitative-cesarean-section-a-brief.pdf -> 5 targets
2026-08-07 15:32:27 linked paper:creager-et-al-2026-2026-aha-acc-accp-acep-chest-scai-shm-sir-svm-svn-guideline-for-the-evaluation-and-management-of_1.pdf -> 5 targets
2026-08-07 15:32:32 linked paper:current_management_of_traumatic_intracranial.1.pdf -> 3 targets
2026-08-07 15:32:47 linked paper:dennis-et-al-2026-recommendations-in-extracorporeal-cardiopulmonary-resuscitation-post-resuscitation-care-via-an.pdf -> 6 targets
2026-08-07 15:32:49 linked paper:dexmedetomidine_versus_usual_care_in_adult.10_1.pdf -> 5 targets
2026-08-07 15:32:52 linked paper:diagnostic_and_prognostic_value_of_the_venous.875.pdf -> 5 targets
2026-08-07 15:33:01 linked paper:diagnostics-16-01548.pdf -> 5 targets
2026-08-07 15:33:10 linked paper:e001369.full.pdf -> 3 targets
2026-08-07 15:33:15 linked paper:e001913.full.pdf -> 3 targets
2026-08-07 15:33:26 linked paper:efficacy_and_safety_of_systemic_prophylactic.861.pdf -> 4 targets
2026-08-07 15:33:44 linked paper:epidemiology-treatment-and-outcomes-of (1).pdf -> 6 targets
2026-08-07 15:33:47 linked paper:epidemiology-treatment-and-outcomes-of.pdf -> 5 targets
2026-08-07 15:33:56 linked paper:ethical_challenges_of_extracorporeal_membrane.5.pdf -> 6 targets
2026-08-07 15:33:58 linked paper:evidence_based,_cost_effective_management_of_lower.1388.pdf -> 5 targets
2026-08-07 15:34:05 linked paper:evidence_based,_cost_effective_management_of_upper.3.pdf -> 5 targets
2026-08-07 15:34:10 linked paper:fcimb-16-1781229.pdf -> 6 targets
2026-08-07 15:34:20 linked paper:fcimb-16-1823125.pdf -> 6 targets
2026-08-07 15:34:29 linked paper:fcvm-13-1836476 (1).pdf -> 5 targets
2026-08-07 15:34:42 linked paper:fcvm-13-1836476.pdf -> 5 targets
2026-08-07 15:34:56 linked paper:fendo-15-1473151.pdf -> 2 targets
2026-08-07 15:35:00 linked paper:fimmu-14-1230049.pdf -> 5 targets
2026-08-07 15:35:06 linked paper:fmed-13-1775538.pdf -> 5 targets
2026-08-07 15:35:11 linked paper:fmed-13-1808427_1.pdf -> 5 targets
2026-08-07 15:35:26 linked paper:fmed-13-1823590.pdf -> 3 targets
2026-08-07 15:35:47 linked paper:fmed-13-1857404_1.pdf -> 6 targets
2026-08-07 15:36:25 linked paper:fmicb-16-1665685.pdf -> 3 targets
2026-08-07 15:36:36 linked paper:fneur-17-1844556.pdf -> 6 targets
2026-08-07 15:36:59 linked paper:fnmol-19-1840888.pdf -> 6 targets
2026-08-07 15:37:06 linked paper:fnut-13-1859625.pdf -> 6 targets
2026-08-07 15:37:24 linked paper:fphar-17-1775585.pdf -> 6 targets
2026-08-07 15:37:26 linked paper:fphar-17-1786482.pdf -> 4 targets
2026-08-07 15:37:32 linked paper:gut_microbiome_brain_cirrhosis_axis.19.pdf -> 3 targets
2026-08-07 15:37:42 linked paper:hap-vap-guidelines-2016.pdf -> 3 targets
2026-08-07 15:37:46 linked paper:howard-quijano-et-al-2026-perioperative-anemia-and-patient-blood-management-in-cardiac-surgery-a-scientific-statement.pdf -> 3 targets
2026-08-07 15:38:05 linked paper:ijccm-26-S13.pdf -> 5 targets
2026-08-07 15:38:11 linked paper:ijccm-28-s249.pdf -> 6 targets
2026-08-07 15:38:21 linked paper:ijms-27-05779-v2.pdf -> 6 targets
2026-08-07 15:38:37 linked paper:individualizing-post-icu-nutrition-from-guideline-intent-to.pdf -> 4 targets
2026-08-07 15:38:46 linked paper:jcm-14-02067.pdf -> 6 targets
2026-08-07 15:38:50 linked paper:jcm-15-03779.pdf -> 6 targets
2026-08-07 15:39:00 linked paper:jcm-15-04227.pdf -> 6 targets
2026-08-07 15:39:10 linked paper:jcm-15-04345.pdf -> 5 targets
2026-08-07 15:39:21 linked paper:jcm-15-04453.pdf -> 5 targets
2026-08-07 15:39:31 linked paper:jcm-15-05244.pdf -> 6 targets
2026-08-07 15:39:41 linked paper:jcm-15-05250.pdf -> 4 targets
2026-08-07 15:40:03 linked paper:jcm-15-05700.pdf -> 6 targets
2026-08-07 15:40:11 linked paper:jcm-15-05729.pdf -> 3 targets
2026-08-07 15:40:22 linked paper:jcm-15-05750.pdf -> 6 targets
2026-08-07 15:40:29 linked paper:jcm-15-05811-v2.pdf -> 5 targets
2026-08-07 15:40:39 linked paper:jcm-15-05947.pdf -> 3 targets
2026-08-07 15:40:42 linked paper:kumbhani-et-al-2026-antiplatelet-therapy-in-the-management-of-atherosclerotic-cardiovascular-disease-2026-acc.pdf -> 4 targets
2026-08-07 15:40:52 linked paper:life-16-00913_1.pdf -> 5 targets
2026-08-07 16:02:02 linked paper:mLife - 2026 - Fang - Emerging role of metagenomic next‐generation sequencing in infectious disease diagnostics  Clinical.pdf -> 5 targets
2026-08-07 16:02:14 linked paper:magnesium_sulfate_to_prevent_perioperative_atrial.847.pdf -> 5 targets
2026-08-07 16:02:25 linked paper:managing-multidrug-resistant-gram-negative-bacteraemia-in (1).pdf -> 6 targets
2026-08-07 16:02:28 linked paper:managing-multidrug-resistant-gram-negative-bacteraemia-in.pdf -> 5 targets
2026-08-07 16:02:36 linked paper:medicina-62-01070 (1).pdf -> 6 targets
2026-08-07 16:02:51 linked paper:medicina-62-01070.pdf -> 6 targets
2026-08-07 16:02:59 linked paper:miller-et-al-2024-acute-decompensated-valvular-disease-in-the-intensive-care-unit.pdf -> 6 targets
2026-08-07 16:03:06 linked paper:neurolint-18-00085-v2.pdf -> 3 targets
2026-08-07 16:03:23 linked paper:neurological-complications-neuromonitoring-and-outcomes-in.pdf -> 5 targets
2026-08-07 16:03:31 linked paper:nutrients-18-01359.pdf -> 4 targets
2026-08-07 16:03:37 linked paper:ofag333.pdf -> 4 targets
2026-08-07 16:03:45 linked paper:pathophysiology-33-00036_1.pdf -> 5 targets
2026-08-07 16:03:56 linked paper:pathophysiology_and_prognostic_significance_of.5.pdf -> 4 targets
2026-08-07 16:04:03 linked paper:prabhakaran-et-al-2026-2026-guideline-for-the-early-management-of-patients-with-acute-ischemic-stroke-a-guideline-from.pdf -> 3 targets
2026-08-07 16:04:09 linked paper:progress-on-the-mechanism-of-pathological-injury-secondary.pdf -> 4 targets
2026-08-07 16:04:11 linked paper:prophylaxis_of_venous_thromboembolism_in_trauma_.2.pdf -> 5 targets
2026-08-07 16:04:16 linked paper:rapid_microbiological_diagnostics_for_sepsis_.6_1.pdf -> 5 targets
2026-08-07 16:04:31 linked paper:rccm.202507-1692st.pdf -> 5 targets
2026-08-07 16:04:42 linked paper:rhythmic_and_periodic_patterns_and_seizures_in.6.pdf -> 5 targets
2026-08-07 16:04:49 linked paper:role_of_neurophysiologic_testing_in.4.pdf -> 4 targets
2026-08-07 16:04:58 linked paper:ruel-et-al-2026-secondary-prevention-after-coronary-artery-bypass-graft-surgery-2026-update-a-scientific-statement-from.pdf -> 3 targets
2026-08-07 16:05:04 linked paper:s00134-026-08459-6.pdf -> 5 targets
2026-08-07 16:06:13 linked paper:s00134-026-08490-7.pdf -> 5 targets
2026-08-07 16:06:16 linked paper:s00134-026-08491-6_1.pdf -> 5 targets
2026-08-07 16:06:22 linked paper:s00134-026-08496-1.pdf -> 6 targets
2026-08-07 16:06:26 linked paper:s00134-026-08502-6.pdf -> 5 targets
2026-08-07 16:06:32 linked paper:s00134-026-08503-5.pdf -> 5 targets
2026-08-07 16:06:38 linked paper:s00134-026-08543-x.pdf -> 6 targets
2026-08-07 16:06:47 linked paper:s00330-026-12440-8.pdf -> 3 targets
2026-08-07 16:06:54 linked paper:s00508-026-02771-3.pdf -> 2 targets
2026-08-07 16:07:00 linked paper:s10096-026-05577-3.pdf -> 6 targets
2026-08-07 16:07:34 linked paper:s10571-026-01669-y.pdf -> 4 targets
2026-08-07 16:08:14 linked paper:s10741-026-10636-0.pdf -> 5 targets
2026-08-07 16:08:20 linked paper:s10741-026-10654-y.pdf -> 5 targets
2026-08-07 16:08:24 linked paper:s10877-026-01457-5.pdf -> 5 targets
2026-08-07 16:08:29 linked paper:s11908-026-00886-2.pdf -> 5 targets
2026-08-07 16:09:59 linked paper:s11926-026-01223-1.pdf -> 6 targets
2026-08-07 16:10:03 linked paper:s12028-023-01752-y (1).pdf -> 5 targets
2026-08-07 16:10:12 linked paper:s12028-026-02551-x.pdf -> 6 targets
2026-08-07 16:10:17 linked paper:s12028-026-02565-5.pdf -> 4 targets
2026-08-07 16:10:20 linked paper:s12072-026-11116-1.pdf -> 5 targets
2026-08-07 16:10:23 linked paper:s12245-025-01078-w_1.pdf -> 2 targets
2026-08-07 16:10:29 linked paper:s12245-026-01138-9.pdf -> 5 targets
2026-08-07 16:10:32 linked paper:s12630-026-03148-w.pdf -> 5 targets
2026-08-07 16:10:41 linked paper:s12871-026-03910-z_reference.pdf -> 6 targets
2026-08-07 16:10:46 linked paper:s13054-023-04632-1.pdf -> 4 targets
2026-08-07 16:11:29 linked paper:s13054-025-05653-8.pdf -> 4 targets
2026-08-07 16:11:35 linked paper:s13054-026-05993-z.pdf -> 5 targets
2026-08-07 16:11:39 linked paper:s13054-026-06015-8.pdf -> 6 targets
2026-08-07 16:11:48 linked paper:s13054-026-06058-x.pdf -> 6 targets
2026-08-07 16:11:54 linked paper:s13054-026-06066-x.pdf -> 3 targets
2026-08-07 16:12:01 linked paper:s13054-026-06075-w.pdf.xml.pdf -> 3 targets
2026-08-07 16:12:04 linked paper:s13054-026-06075-w_1.pdf -> 5 targets
2026-08-07 16:12:09 linked paper:s13054-026-06106-6.pdf -> 3 targets
2026-08-07 16:12:13 linked paper:s13054-026-06111-9.pdf -> 6 targets
2026-08-07 16:12:17 linked paper:s13054-026-06123-5.pdf -> 4 targets
2026-08-07 16:12:27 linked paper:s13054-026-06142-2_reference_1.pdf -> 3 targets
2026-08-07 16:12:31 linked paper:s13054-026-06144-0.pdf -> 4 targets
2026-08-07 16:12:37 linked paper:s13054-026-06153-z.pdf -> 3 targets
2026-08-07 16:12:42 linked paper:s13054-026-06158-8_reference.pdf -> 5 targets
2026-08-07 16:12:49 linked paper:s13054-026-06197-1.pdf -> 6 targets
2026-08-07 16:13:43 linked paper:s13054-026-06201-8.pdf -> 5 targets
2026-08-07 16:13:49 linked paper:s15010-026-02852-5_1.pdf -> 6 targets
2026-08-07 16:13:58 linked paper:s40001-026-04401-0.pdf -> 4 targets
2026-08-07 16:14:03 linked paper:s44158-026-00393-9.pdf -> 6 targets
2026-08-07 16:14:07 linked paper:s44254-026-00177-y.pdf -> 6 targets
2026-08-07 16:14:13 linked paper:s44348-026-00078-5.pdf -> 5 targets
2026-08-07 16:14:18 linked paper:source-control-in-intra-abdominal-infections-what-you-need.pdf -> 1 targets
2026-08-07 16:14:24 linked paper:the-leaky-gut-and-microbiome-in-critical-illness-emerging.pdf -> 3 targets
2026-08-07 16:14:31 linked paper:the_vicious_cycle__delirium,_sedation,_and_patient.7.pdf -> 4 targets
2026-08-07 16:36:46 linked paper:ti-39-16284.pdf -> 5 targets
2026-08-07 16:37:41 linked paper:usefulness-of-bedside-point-of-care-ultrasounds-in-intensive.pdf -> 6 targets
2026-08-07 16:37:48 linked paper:walsh-et-al-2026-aha-acc-esc-whf-expert-consensus-document-second-universal-definition-of-heart-failure-(2026).pdf -> 5 targets
2026-08-07 16:38:01 linked paper:xavier-monnet-esicm-guidelines-on-circulatory-shock (1).pdf -> 5 targets
2026-08-07 16:38:07 linked paper:zuaf057.pdf -> 6 targets
2026-08-07 16:38:32 linked paper:zuaf159.pdf -> 6 targets
2026-08-07 16:38:43 linked theory:Cardiology/Advanced Cardiac Life Support/What are the changes in recent ACLS update as comp.md -> 5 targets
2026-08-07 16:38:52 linked theory:Cardiology/Arrhythmia Management/Tackling Arrhythmia in ICU_ Critically Ill Patient.md -> 6 targets
2026-08-07 16:38:59 linked theory:Cardiology/Mechanical Circulatory Support/Mechanical Circulatory Devices in Critical Care.md -> 6 targets
2026-08-07 16:43:30 linked theory:Cardiology/RV‑PA Coupling/Right Ventricular–Pulmonary Artery (RV–PA) Couplin -> 5 targets
2026-08-07 16:43:42 linked theory:General/Adverse Event Reporting/Serious Adverse Event (SAE) Reporting & Root Cause,md -> 3 targets
2026-08-07 16:43:45 linked theory:General/ICU Documentation/Documentation in Critical Care and ICU_ Purpose, P.md -> 3 targets
2026-08-07 16:43:52 linked theory:General/ICU-acquired weakness/Sarcopenia in the ICU_ An Exam-Style Detailed Note.md -> 3 targets
2026-08-07 16:44:00 linked theory:General/Medicolegal Risk Management/Medicolegal Risk Assessments and Management in Int.md -> 3 targets
2026-08-07 16:44:05 linked theory:General/Withdrawal and Withholding of LST/Process of Withdrawing or Withholding Life-Sustain.md -> 3 targets
2026-08-07 16:44:11 linked theory:Hepatology/Liver Transplant Critical Care/Critical Care of Liver Transplant Recipients_ Stat.md -> 6 targets
2026-08-07 16:44:14 linked theory:Immunology/Plasma Exchange/Therapeutic Plasma Exchange (PLEX_TPE) in ICU.md -> 1 targets
2026-08-07 16:44:25 linked theory:Multisystem/Hemodynamic Coherence/Hemodynamic Coherence and Personalized Hemodynamic.md -> 6 targets
2026-08-07 16:45:10 linked theory:Nephrology/AKI Care Bundle/AKI Care Bundle — Structured Elaboration for ICU P.md -> 6 targets
2026-08-07 16:45:14 linked theory:Nephrology/AKI Classification Systems/Acute Kidney Injury Classification Systems_ RIFLE,.md -> 5 targets
2026-08-07 16:45:19 linked theory:Nephrology/AKI Definition and Staging/Acute Kidney Injury (AKI) in ICU.md -> 5 targets
2026-08-07 16:45:37 linked theory:Nephrology/CKD Nutrition/Nutrition in Chronic Kidney Disease (CKD).md -> 3 targets
2026-08-07 16:45:50 linked theory:Nephrology/CRRT Anticoagulation/Anticoagulation During CRRT_ Exam-Style Notes.md -> 3 targets
2026-08-07 16:46:12 linked theory:Nephrology/Thrombosis in Kidney Disease/Factors associated with increased thromboembolism.md -> 3 targets
2026-08-07 16:46:14 linked theory:Neurology/Acute Ischemic Stroke/What are changes in recent stroke guidelines 2026.md -> 3 targets
2026-08-07 16:46:21 linked theory:Neurology/Antiplatelet Therapy/Antiplatelet Therapy after stroke.md -> 3 targets
2026-08-07 16:46:27 linked theory:Nutrition/ICU Nutrition Monitoring/Critical Care Nutrition.md -> 3 targets
2026-08-07 16:46:37 linked theory:Nutrition/Nutrition Monitoring in ICU/Monitoring of Critical Care Nutrition.md -> 3 targets
2026-08-07 16:46:49 linked theory:Obstetrics And Gynecology/Maternal and Fetal Monitoring/Monitoring in Pregnancy in ICU During Critical Ill.md -> 5 targets
2026-08-07 16:46:59 linked theory:Obstetrics And Gynecology/Thrombotic Microangiopathy in Pregnancy/Microangiopathic Anemia and Thrombotic Microangiop.md -> 5 targets
2026-08-07 16:47:28 linked theory:Pulmonology/Arterial Blood Gas/ABGA in ICU_ Diagnostic Utilities, Normal Values &.md -> 6 targets
2026-08-07 16:47:35 linked theory:Pulmonology/Respiratory Physiotherapy/Respiratory Physiotherapy in the ICU_ A Comprehens.md -> 5 targets
2026-08-07 16:47:37 linked theory:Sepsis/Biomarkers/Biomarkers of Sepsis_ Old and New.md -> 5 targets
2026-08-07 16:47:41 linked theory:Trauma/Spinal Cord Injury/Traumatic Spinal Cord Injury_ ICU Diagnosis, Scori.md -> 4 targets
2026-08-07 16:47:41 linker run complete: processed=285
2026-08-07 16:50:01 tagged paper:Scan documents20260803_081511.pdf -> 2 tags
2026-08-07 16:50:05 tagged paper:jcm-13-07572.pdf -> 5 tags
2026-08-07 16:50:23 linked paper:Scan documents20260803_081511.pdf -> 6 targets
2026-08-07 16:50:27 linked paper:jcm-13-07572.pdf -> 4 targets
2026-08-07 16:50:27 linker run complete: processed=2
2026-08-07 16:50:40 linker run complete: processed=0
2026-08-07 16:58:39 linker run complete: processed=0
2026-08-07 20:38:36 linker run complete: processed=0
2026-08-09 19:03:46 tagged paper:prabhakaran-et-al-2026-2026-guideline-for-the-early-management-of-patients-with-acute-ischemic-stroke-a-guideline-from (1).pdf -> 3 tags
2026-08-09 19:03:51 tagged theory:ASPECTS.md -> 3 tags
2026-08-09 19:03:54 tagged theory:Absolute and Relative Contraindications to Stroke -> 0 tags
2026-08-09 19:03:57 tagged theory:Cardiothoracic/Extracorporeal Membrane Oxygenation/VV ECMO Troubleshooting_ A Structured Clinical Not.md -> 2 tags
2026-08-09 19:04:02 tagged theory:General/Advance Directives/Advance Medical Directive (AMD) in ICU – Exam‑Orie.md -> 0 tags
2026-08-09 19:04:05 tagged theory:General/Clinical Trial Ethics/Ethical considerations of conducting a clinical tr.md -> 2 tags
2026-08-09 19:04:10 tagged theory:NAVA – Exam-Oriented, Clinically Useful Notes.md -> 3 tags
2026-08-09 19:04:26 tagged theory:Neurology/Continuous EEG Monitoring/Continuous EEG (cEEG) Monitoring in ICU.md -> 4 tags
2026-08-09 19:04:31 tagged theory:Neurology/ICU-Acquired Weakness/Critical Care Neuromyopathy (ICU-Acquired Weakness.md -> 2 tags
2026-08-09 19:04:36 tagged theory:Patient–Ventilator Asynchrony (PVA)_ Diagnosis and -> 3 tags
2026-08-09 19:04:41 tagged theory:Pulmonology/ARDS/New Global Definition of ARDS (2023).md -> 3 tags
2026-08-09 19:04:45 tagged theory:Pulmonology/Advanced Ventilation Modes/Exam-Oriented Notes_ NAVA, P0.1, SmartCare.md -> 4 tags
2026-08-09 19:04:52 tagged theory:Pulmonology/Closed-Loop Ventilation/INTELLiVENT-ASV_ Exam-Oriented Notes.md -> 3 tags
2026-08-09 19:05:00 tagged theory:Pulmonology/Diaphragm Ultrasound/Ultrasound in Critical Care_ Diaphragm and Airway.md -> 4 tags
2026-08-09 19:05:04 tagged theory:Pulmonology/ECMO/Proning on ECMO and Awake ECMO_ Exam-Oriented Note.md -> 2 tags
2026-08-09 19:05:08 tagged theory:Pulmonology/Nebulization on Ventilator/Optimising Nebulization Therapy on Ventilator.md -> 4 tags
2026-08-09 19:05:11 tagged theory:Pulmonology/PEEP Titration Methods/Methods of PEEP Titration.md -> 3 tags
2026-08-09 19:05:13 tagged theory:Pulmonology/Refractory Hypoxemia/Refractory Hypoxemia in ARDS_ Exam-Oriented Approa.md -> 2 tags
2026-08-09 19:05:17 tagged theory:Transcranial Doppler (TCD) in the ICU – Exam‑Style -> 3 tags
2026-08-09 19:05:25 linked paper:prabhakaran-et-al-2026-2026-guideline-for-the-early-management-of-patients-with-acute-ischemic-stroke-a-guideline-from (1).pdf -> 3 targets
2026-08-09 19:05:29 linked theory:ASPECTS.md -> 2 targets
2026-08-09 19:05:40 linked theory:Absolute and Relative Contraindications to Stroke -> 3 targets
2026-08-09 19:05:40 linked theory:Cardiothoracic/Extracorporeal Membrane Oxygenation/VV ECMO Troubleshooting_ A Structured Clinical Not.md -> 0 targets
2026-08-09 19:05:42 linked theory:General/Advance Directives/Advance Medical Directive (AMD) in ICU – Exam‑Orie.md -> 5 targets
2026-08-09 19:05:55 linked theory:General/Clinical Trial Ethics/Ethical considerations of conducting a clinical tr.md -> 3 targets
2026-08-09 19:05:58 linked theory:NAVA – Exam-Oriented, Clinically Useful Notes.md -> 5 targets
2026-08-09 19:06:09 linked theory:Neurology/Continuous EEG Monitoring/Continuous EEG (cEEG) Monitoring in ICU.md -> 6 targets
2026-08-09 19:06:26 linked theory:Neurology/ICU-Acquired Weakness/Critical Care Neuromyopathy (ICU-Acquired Weakness.md -> 4 targets
2026-08-09 19:06:45 linked theory:Patient–Ventilator Asynchrony (PVA)_ Diagnosis and -> 6 targets
2026-08-09 19:06:56 linked theory:Pulmonology/ARDS/New Global Definition of ARDS (2023).md -> 5 targets
2026-08-09 19:07:07 linked theory:Pulmonology/Advanced Ventilation Modes/Exam-Oriented Notes_ NAVA, P0.1, SmartCare.md -> 5 targets
2026-08-09 19:07:17 linked theory:Pulmonology/Closed-Loop Ventilation/INTELLiVENT-ASV_ Exam-Oriented Notes.md -> 6 targets
2026-08-09 19:07:29 linked theory:Pulmonology/Diaphragm Ultrasound/Ultrasound in Critical Care_ Diaphragm and Airway.md -> 6 targets
2026-08-09 19:07:38 linked theory:Pulmonology/ECMO/Proning on ECMO and Awake ECMO_ Exam-Oriented Note.md -> 6 targets
2026-08-09 19:07:45 linked theory:Pulmonology/Nebulization on Ventilator/Optimising Nebulization Therapy on Ventilator.md -> 5 targets
2026-08-09 19:07:52 linked theory:Pulmonology/PEEP Titration Methods/Methods of PEEP Titration.md -> 6 targets
2026-08-09 19:08:22 linked theory:Pulmonology/Refractory Hypoxemia/Refractory Hypoxemia in ARDS_ Exam-Oriented Approa.md -> 6 targets
2026-08-09 19:08:35 linked theory:Transcranial Doppler (TCD) in the ICU – Exam‑Style -> 3 targets
2026-08-09 19:08:35 linker run complete: processed=19
2026-08-09 20:36:04 tagged paper:acute-liver-failure-guidelines.pdf -> 3 tags
2026-08-09 20:36:08 tagged paper:dgag054.pdf -> 2 tags
2026-08-09 20:36:12 linked paper:acute-liver-failure-guidelines.pdf -> 5 targets
2026-08-09 20:36:14 linked paper:dgag054.pdf -> 3 targets
2026-08-09 20:36:14 linker run complete: processed=2
2026-08-12 09:05:56 tagged paper:1-s2.0-S0363018826001477-main.pdf -> 0 tags
2026-08-12 09:06:03 tagged paper:1-s2.0-S2352556825000931-main.pdf -> 2 tags
2026-08-12 09:06:15 tagged paper:JTCCM.2026.8(2).e00005.00005.Siyao Zeng.pdf -> 6 tags
2026-08-12 09:06:16 tagged paper:PIIS0168827826027510.pdf -> 3 tags
2026-08-12 09:06:26 tagged paper:PIIS153878362600276X.pdf -> 5 tags
2026-08-12 09:06:35 tagged paper:PIIS1538783626003260.pdf -> 6 tags
2026-08-12 09:06:40 tagged paper:a-focused-update-to-the-clinical-practice-guidelines-for-the.pdf -> 3 tags
2026-08-12 09:06:49 tagged paper:brainsci-16-00813.pdf -> 3 tags
2026-08-12 09:06:53 tagged paper:fmicb-17-1886655.pdf -> 3 tags
2026-08-12 09:06:58 tagged paper:japi-74-6-78.pdf -> 4 tags
2026-08-12 09:07:01 tagged paper:jcm-15-06019.pdf -> 5 tags
2026-08-12 09:20:57 tagged paper:peverelli-et-al-2026-large-vessel-vasculitis-revisited-mechanistic-insights-and-advances-in-diagnosis-and-management.pdf -> 4 tags
2026-08-12 09:21:04 tagged paper:s40140-026-00715-1.pdf -> 6 tags
2026-08-12 09:21:13 tagged paper:s43556-026-00532-2.pdf -> 4 tags
2026-08-12 09:21:16 tagged paper:sfag232.pdf -> 4 tags
2026-08-12 09:21:20 tagged theory:Approach to Sudden Onset Sensorimotor Ascending We -> 3 tags
2026-08-12 09:21:23 tagged theory:CSF Examination Results in Meningitis and Encephal -> 3 tags
2026-08-12 09:21:28 tagged theory:Differential Diagnosis of Colonic Distension in IC -> 3 tags
2026-08-12 09:22:20 tagged theory:Disorders of Consciousness_ Features and Differenc -> 3 tags
2026-08-12 09:22:24 tagged theory:Invasive Intracranial Pressure (ICP) Monitoring in -> 3 tags
2026-08-12 09:22:27 tagged theory:Neurology/Stroke Imaging/ASPECTS.md -> 2 tags
2026-08-12 09:22:30 tagged theory:Neurology/Thrombolysis Contraindications/Absolute and Relative Contraindications to Stroke -> 0 tags
2026-08-12 09:22:37 tagged theory:Neurology/Transcranial Doppler/Transcranial Doppler (TCD) in the ICU – Exam‑Style -> 5 tags
2026-08-12 09:22:39 tagged theory:Pulmonology/Neurally Adjusted Ventilatory Assist/NAVA – Exam-Oriented, Clinically Useful Notes.md -> 2 tags
2026-08-12 09:33:30 tagged theory:Pulmonology/Patient Ventilator Asynchrony/Patient–Ventilator Asynchrony (PVA)_ Diagnosis and -> 2 tags
2026-08-12 09:33:33 linked paper:1-s2.0-S0363018826001477-main.pdf -> 5 targets
2026-08-12 09:33:57 linked paper:1-s2.0-S2352556825000931-main.pdf -> 3 targets
2026-08-12 09:34:16 linked paper:JTCCM.2026.8(2).e00005.00005.Siyao Zeng.pdf -> 6 targets
2026-08-12 09:34:31 linked paper:PIIS0168827826027510.pdf -> 3 targets
2026-08-12 09:34:36 linked paper:PIIS153878362600276X.pdf -> 5 targets
2026-08-12 09:34:43 linked paper:PIIS1538783626003260.pdf -> 3 targets
2026-08-12 09:35:09 linked paper:a-focused-update-to-the-clinical-practice-guidelines-for-the.pdf -> 4 targets
2026-08-12 09:35:32 linked paper:brainsci-16-00813.pdf -> 4 targets
2026-08-12 09:35:42 linked paper:fmicb-17-1886655.pdf -> 4 targets
2026-08-12 09:35:44 linked paper:japi-74-6-78.pdf -> 6 targets
2026-08-12 09:35:49 linked paper:jcm-15-06019.pdf -> 6 targets
2026-08-12 09:36:10 linked paper:peverelli-et-al-2026-large-vessel-vasculitis-revisited-mechanistic-insights-and-advances-in-diagnosis-and-management.pdf -> 3 targets
2026-08-12 09:36:16 linked paper:s40140-026-00715-1.pdf -> 4 targets
2026-08-12 09:36:24 linked paper:s43556-026-00532-2.pdf -> 6 targets
2026-08-12 09:36:42 linked paper:sfag232.pdf -> 6 targets
2026-08-12 09:36:44 linked theory:Approach to Sudden Onset Sensorimotor Ascending We -> 3 targets
2026-08-12 09:37:22 linked theory:CSF Examination Results in Meningitis and Encephal -> 3 targets
2026-08-12 09:37:46 linked theory:Differential Diagnosis of Colonic Distension in IC -> 3 targets
2026-08-12 09:37:59 linked theory:Disorders of Consciousness_ Features and Differenc -> 6 targets
2026-08-12 09:38:15 linked theory:Invasive Intracranial Pressure (ICP) Monitoring in -> 4 targets
2026-08-12 09:38:17 linked theory:Neurology/Stroke Imaging/ASPECTS.md -> 5 targets
2026-08-12 09:38:39 linked theory:Neurology/Thrombolysis Contraindications/Absolute and Relative Contraindications to Stroke -> 5 targets
2026-08-12 09:38:46 linked theory:Neurology/Transcranial Doppler/Transcranial Doppler (TCD) in the ICU – Exam‑Style -> 4 targets
2026-08-12 09:39:14 linked theory:Pulmonology/Neurally Adjusted Ventilatory Assist/NAVA – Exam-Oriented, Clinically Useful Notes.md -> 5 targets
2026-08-12 09:39:24 linked theory:Pulmonology/Patient Ventilator Asynchrony/Patient–Ventilator Asynchrony (PVA)_ Diagnosis and -> 6 targets
2026-08-12 09:39:24 linker run complete: processed=25
2026-08-12 09:44:46 tagged paper:Scan documents20260811_074422 (1).pdf -> 2 tags
2026-08-12 09:45:42 linked paper:Scan documents20260811_074422 (1).pdf -> 6 targets
2026-08-12 09:45:42 linker run complete: processed=1
2026-08-12 09:46:05 tagged deck:Cardiology/Acute Coronary Syndromes -> 4 tags
2026-08-12 09:46:12 linked deck:Cardiology/Acute Coronary Syndromes -> 5 targets
2026-08-12 09:46:12 linker run complete: processed=1
2026-08-12 09:46:25 tagged deck:Cardiology/Acute Coronary Syndromes -> 0 tags
2026-08-12 09:47:25 linked deck:Cardiology/Acute Coronary Syndromes -> 5 targets
2026-08-12 09:47:25 linker run complete: processed=1
2026-08-12 09:47:27 linker run complete: processed=0
2026-08-14 15:56:07 tagged paper:1786588708154.pdf -> 3 tags
2026-08-14 15:56:09 tagged paper:Eur J Clin Investigation - 2026 - Golino - Acute Myocarditis  From Pathophysiology to Risk‐Stratified Management A Clinical.pdf -> 5 tags
2026-08-14 15:56:12 tagged paper:batchelor-et-al-2026-the-postcardiac-arrest-inflammatory-response-mechanisms-and-therapeutic-targets.pdf -> 4 tags
2026-08-14 15:56:14 tagged paper:fcvm-13-1846208.pdf -> 3 tags
2026-08-14 15:56:16 tagged paper:troubleshooting-ionized-hypocalcemia-in-patients-on.pdf -> 5 tags
2026-08-14 15:56:18 tagged paper:zuae014.pdf -> 3 tags
2026-08-14 15:56:21 linked paper:1786588708154.pdf -> 2 targets
2026-08-14 15:56:23 linked paper:Eur J Clin Investigation - 2026 - Golino - Acute Myocarditis  From Pathophysiology to Risk‐Stratified Management A Clinical.pdf -> 5 targets
2026-08-14 15:56:26 linked paper:batchelor-et-al-2026-the-postcardiac-arrest-inflammatory-response-mechanisms-and-therapeutic-targets.pdf -> 6 targets
2026-08-14 15:56:29 linked paper:fcvm-13-1846208.pdf -> 4 targets
2026-08-14 15:56:37 linked paper:troubleshooting-ionized-hypocalcemia-in-patients-on.pdf -> 4 targets
2026-08-14 15:56:40 linked paper:zuae014.pdf -> 4 targets
2026-08-14 15:56:40 linker run complete: processed=6
2026-08-15 21:14:38 tagged theory:Cardiothoracic/VA ECMO Weaning/VA ECMO Weaning_ Principles, Complications, Failur.md -> 4 tags
2026-08-15 21:14:39 tagged theory:Enhanced Recovery After Surgery (ERAS).md -> 3 tags
2026-08-15 21:14:41 tagged theory:Gastroenterology/Acute Colonic Distension/Differential Diagnosis of Colonic Distension in IC.MD -> 6 tags
2026-08-15 21:14:43 tagged theory:General/Abdominal Compartment Syndrome/Intra-abdominal hypertension (IAH).md -> 4 tags
2026-08-15 21:14:44 tagged theory:Infectious Diseases/Meningitis CSF Patterns/CSF Examination Results in Meningitis and Encephal.MD -> 6 tags
2026-08-15 21:14:46 tagged theory:Neurology/Acute Neuromuscular Weakness/Approach to Sudden Onset Sensorimotor Ascending We.MD -> 6 tags
2026-08-15 21:14:48 tagged theory:Neurology/Disorders of Consciousness/Disorders of Consciousness_ Features and Differenc.MD -> 4 tags
2026-08-15 21:14:50 tagged theory:Neurology/ICP Management/Hyperosmolar Therapy in TBI_ Mannitol vs Hypertoni -> 6 tags
2026-08-15 21:14:52 tagged theory:Neurology/ICP Monitoring/Invasive Intracranial Pressure (ICP) Monitoring in.MD -> 5 tags
2026-08-15 21:14:53 tagged theory:Obstetrics And Gynecology/Pregnancy Associated AKI/PrAKI (Pregnancy-associated Acute Kidney Injury).md -> 6 tags
2026-08-15 21:14:55 tagged theory:Pulmonology/Postoperative Respiratory Failure/Perioperative Respiratory Failure and Complication.md -> 6 tags
2026-08-15 21:14:57 tagged theory:Septic Cardiomyopathy (Sepsis-Induced Cardiomyopat -> 3 tags
2026-08-15 21:14:59 tagged theory:Transesophageal Echo in Critical Care.md -> 3 tags
2026-08-15 21:15:00 tagged theory:Trauma/Pelvic Trauma/Management of Pelvic Trauma in ER and ICU.md -> 5 tags
2026-08-15 21:15:02 tagged theory:Trauma/Trauma Induced Coagulopathy/TIC.md -> 6 tags
2026-08-15 21:15:04 tagged theory:Trauma/Trauma Patient Transfer/Transfer of a Trauma Patient – Short Note.md -> 6 tags
2026-08-15 21:15:36 tagged theory:Trauma/eFAST Ultrasound/Role of POCUS in Trauma_ A Comprehensive Overview.md -> 0 tags
2026-08-15 21:15:48 linked theory:Cardiothoracic/VA ECMO Weaning/VA ECMO Weaning_ Principles, Complications, Failur.md -> 6 targets
2026-08-15 21:15:50 linked theory:Enhanced Recovery After Surgery (ERAS).md -> 4 targets
2026-08-15 21:15:53 linked theory:Gastroenterology/Acute Colonic Distension/Differential Diagnosis of Colonic Distension in IC.MD -> 4 targets
2026-08-15 21:15:55 linked theory:General/Abdominal Compartment Syndrome/Intra-abdominal hypertension (IAH).md -> 3 targets
2026-08-15 21:15:57 linked theory:Infectious Diseases/Meningitis CSF Patterns/CSF Examination Results in Meningitis and Encephal.MD -> 6 targets
2026-08-15 21:16:02 linked theory:Neurology/Acute Neuromuscular Weakness/Approach to Sudden Onset Sensorimotor Ascending We.MD -> 4 targets
2026-08-15 21:16:05 linked theory:Neurology/Disorders of Consciousness/Disorders of Consciousness_ Features and Differenc.MD -> 4 targets
2026-08-15 21:16:07 linked theory:Neurology/ICP Management/Hyperosmolar Therapy in TBI_ Mannitol vs Hypertoni -> 5 targets
2026-08-15 21:16:09 linked theory:Neurology/ICP Monitoring/Invasive Intracranial Pressure (ICP) Monitoring in.MD -> 6 targets
2026-08-15 21:16:12 linked theory:Obstetrics And Gynecology/Pregnancy Associated AKI/PrAKI (Pregnancy-associated Acute Kidney Injury).md -> 5 targets
2026-08-15 21:16:14 linked theory:Pulmonology/Postoperative Respiratory Failure/Perioperative Respiratory Failure and Complication.md -> 6 targets
2026-08-15 21:16:16 linked theory:Septic Cardiomyopathy (Sepsis-Induced Cardiomyopat -> 5 targets
2026-08-15 21:16:18 linked theory:Transesophageal Echo in Critical Care.md -> 2 targets
2026-08-15 21:16:21 linked theory:Trauma/Pelvic Trauma/Management of Pelvic Trauma in ER and ICU.md -> 4 targets
2026-08-15 21:16:24 linked theory:Trauma/Trauma Induced Coagulopathy/TIC.md -> 3 targets
2026-08-15 21:16:26 linked theory:Trauma/Trauma Patient Transfer/Transfer of a Trauma Patient – Short Note.md -> 4 targets
2026-08-15 21:16:38 linked theory:Trauma/eFAST Ultrasound/Role of POCUS in Trauma_ A Comprehensive Overview.md -> 5 targets
2026-08-15 21:16:38 linker run complete: processed=17
